This is pdfTeX, Version 3.141592653-2.6-1.40.23 (MiKTeX 21.10) (preloaded format=pdflatex 2021.10.10)  3 FEB 2022 22:53
entering extended mode
**c:/Users/lizhi/Desktop/PhD/Liverpool/paper/thesis/Thesis/test.tex
(c:/Users/lizhi/Desktop/PhD/Liverpool/paper/thesis/Thesis/test.tex
LaTeX2e <2021-06-01> patch level 1
L3 programming layer <2021-08-27> (C:\Users\lizhi\AppData\Local\Programs\MiKTeX\tex/latex/beamer\beamer.cls
Document Class: beamer 2022/01/21 v3.65 A class for typesetting presentations
(C:\Users\lizhi\AppData\Local\Programs\MiKTeX\tex/latex/beamer\beamerbasemodes.sty (C:\Users\lizhi\AppData\Local\Programs\MiKTeX\tex/latex/etoolbox\etoolbox.sty
Package: etoolbox 2020/10/05 v2.5k e-TeX tools for LaTeX (JAW)
\etb@tempcnta=\count182
)
\beamer@tempbox=\box50
\beamer@tempcount=\count183
\c@beamerpauses=\count184
 (C:\Users\lizhi\AppData\Local\Programs\MiKTeX\tex/latex/beamer\beamerbasedecode.sty
\beamer@slideinframe=\count185
\beamer@minimum=\count186
\beamer@decode@box=\box51
)
\beamer@commentbox=\box52
\beamer@modecount=\count187
) (C:\Users\lizhi\AppData\Local\Programs\MiKTeX\tex/generic/iftex\ifpdf.sty
Package: ifpdf 2019/10/25 v3.4 ifpdf legacy package. Use iftex instead.
 (C:\Users\lizhi\AppData\Local\Programs\MiKTeX\tex/generic/iftex\iftex.sty
Package: iftex 2020/03/06 v1.0d TeX engine tests
))
\headdp=\dimen138
\footheight=\dimen139
\sidebarheight=\dimen140
\beamer@tempdim=\dimen141
\beamer@finalheight=\dimen142
\beamer@animht=\dimen143
\beamer@animdp=\dimen144
\beamer@animwd=\dimen145
\beamer@leftmargin=\dimen146
\beamer@rightmargin=\dimen147
\beamer@leftsidebar=\dimen148
\beamer@rightsidebar=\dimen149
\beamer@boxsize=\dimen150
\beamer@vboxoffset=\dimen151
\beamer@descdefault=\dimen152
\beamer@descriptionwidth=\dimen153
\beamer@lastskip=\skip47
\beamer@areabox=\box53
\beamer@animcurrent=\box54
\beamer@animshowbox=\box55
\beamer@sectionbox=\box56
\beamer@logobox=\box57
\beamer@linebox=\box58
\beamer@sectioncount=\count188
\beamer@subsubsectionmax=\count189
\beamer@subsectionmax=\count190
\beamer@sectionmax=\count191
\beamer@totalheads=\count192
\beamer@headcounter=\count193
\beamer@partstartpage=\count194
\beamer@sectionstartpage=\count195
\beamer@subsectionstartpage=\count196
\beamer@animationtempa=\count197
\beamer@animationtempb=\count198
\beamer@xpos=\count199
\beamer@ypos=\count266
\beamer@ypos@offset=\count267
\beamer@showpartnumber=\count268
\beamer@currentsubsection=\count269
\beamer@coveringdepth=\count270
\beamer@sectionadjust=\count271
\beamer@toclastsection=\count272
\beamer@tocsectionnumber=\count273
 (C:\Users\lizhi\AppData\Local\Programs\MiKTeX\tex/latex/beamer\beamerbaseoptions.sty (C:\Users\lizhi\AppData\Local\Programs\MiKTeX\tex/latex/graphics\keyval.sty
Package: keyval 2014/10/28 v1.15 key=value parser (DPC)
\KV@toks@=\toks16
))
\beamer@paperwidth=\skip48
\beamer@paperheight=\skip49
 (C:\Users\lizhi\AppData\Local\Programs\MiKTeX\tex/latex/geometry\geometry.sty
Package: geometry 2020/01/02 v5.9 Page Geometry
 (C:\Users\lizhi\AppData\Local\Programs\MiKTeX\tex/generic/iftex\ifvtex.sty
Package: ifvtex 2019/10/25 v1.7 ifvtex legacy package. Use iftex instead.
)
\Gm@cnth=\count274
\Gm@cntv=\count275
\c@Gm@tempcnt=\count276
\Gm@bindingoffset=\dimen154
\Gm@wd@mp=\dimen155
\Gm@odd@mp=\dimen156
\Gm@even@mp=\dimen157
\Gm@layoutwidth=\dimen158
\Gm@layoutheight=\dimen159
\Gm@layouthoffset=\dimen160
\Gm@layoutvoffset=\dimen161
\Gm@dimlist=\toks17
 (C:\Users\lizhi\AppData\Local\Programs\MiKTeX\tex/latex/geometry\geometry.cfg)) (C:\Users\lizhi\AppData\Local\Programs\MiKTeX\tex/latex/pgf/basiclayer\pgfcore.sty (C:\Users\lizhi\AppData\Local\Programs\MiKTeX\tex/latex/graphics\graphicx.sty
Package: graphicx 2020/12/05 v1.2c Enhanced LaTeX Graphics (DPC,SPQR)
 (C:\Users\lizhi\AppData\Local\Programs\MiKTeX\tex/latex/graphics\graphics.sty
Package: graphics 2021/03/04 v1.4d Standard LaTeX Graphics (DPC,SPQR)
 (C:\Users\lizhi\AppData\Local\Programs\MiKTeX\tex/latex/graphics\trig.sty
Package: trig 2016/01/03 v1.10 sin cos tan (DPC)
) (C:\Users\lizhi\AppData\Local\Programs\MiKTeX\tex/latex/graphics-cfg\graphics.cfg
File: graphics.cfg 2016/06/04 v1.11 sample graphics configuration
)
Package graphics Info: Driver file: pdftex.def on input line 107.
 (C:\Users\lizhi\AppData\Local\Programs\MiKTeX\tex/latex/graphics-def\pdftex.def
File: pdftex.def 2020/10/05 v1.2a Graphics/color driver for pdftex
))
\Gin@req@height=\dimen162
\Gin@req@width=\dimen163
) (C:\Users\lizhi\AppData\Local\Programs\MiKTeX\tex/latex/pgf/systemlayer\pgfsys.sty (C:\Users\lizhi\AppData\Local\Programs\MiKTeX\tex/latex/pgf/utilities\pgfrcs.sty (C:\Users\lizhi\AppData\Local\Programs\MiKTeX\tex/generic/pgf/utilities\pgfutil-common.tex
\pgfutil@everybye=\toks18
\pgfutil@tempdima=\dimen164
\pgfutil@tempdimb=\dimen165
 (C:\Users\lizhi\AppData\Local\Programs\MiKTeX\tex/generic/pgf/utilities\pgfutil-common-lists.tex)) (C:\Users\lizhi\AppData\Local\Programs\MiKTeX\tex/generic/pgf/utilities\pgfutil-latex.def
\pgfutil@abb=\box59
) (C:\Users\lizhi\AppData\Local\Programs\MiKTeX\tex/generic/pgf/utilities\pgfrcs.code.tex (C:\Users\lizhi\AppData\Local\Programs\MiKTeX\tex/generic/pgf\pgf.revision.tex)
Package: pgfrcs 2021/05/15 v3.1.9a (3.1.9a)
)) (C:\Users\lizhi\AppData\Local\Programs\MiKTeX\tex/generic/pgf/systemlayer\pgfsys.code.tex
Package: pgfsys 2021/05/15 v3.1.9a (3.1.9a)
 (C:\Users\lizhi\AppData\Local\Programs\MiKTeX\tex/generic/pgf/utilities\pgfkeys.code.tex
\pgfkeys@pathtoks=\toks19
\pgfkeys@temptoks=\toks20
 (C:\Users\lizhi\AppData\Local\Programs\MiKTeX\tex/generic/pgf/utilities\pgfkeysfiltered.code.tex
\pgfkeys@tmptoks=\toks21
))
\pgf@x=\dimen166
\pgf@y=\dimen167
\pgf@xa=\dimen168
\pgf@ya=\dimen169
\pgf@xb=\dimen170
\pgf@yb=\dimen171
\pgf@xc=\dimen172
\pgf@yc=\dimen173
\pgf@xd=\dimen174
\pgf@yd=\dimen175
\w@pgf@writea=\write3
\r@pgf@reada=\read2
\c@pgf@counta=\count277
\c@pgf@countb=\count278
\c@pgf@countc=\count279
\c@pgf@countd=\count280
\t@pgf@toka=\toks22
\t@pgf@tokb=\toks23
\t@pgf@tokc=\toks24
\pgf@sys@id@count=\count281
 (C:\Users\lizhi\AppData\Local\Programs\MiKTeX\tex/generic/pgf/systemlayer\pgf.cfg
File: pgf.cfg 2021/05/15 v3.1.9a (3.1.9a)
)
Driver file for pgf: pgfsys-pdftex.def
 (C:\Users\lizhi\AppData\Local\Programs\MiKTeX\tex/generic/pgf/systemlayer\pgfsys-pdftex.def
File: pgfsys-pdftex.def 2021/05/15 v3.1.9a (3.1.9a)
 (C:\Users\lizhi\AppData\Local\Programs\MiKTeX\tex/generic/pgf/systemlayer\pgfsys-common-pdf.def
File: pgfsys-common-pdf.def 2021/05/15 v3.1.9a (3.1.9a)
))) (C:\Users\lizhi\AppData\Local\Programs\MiKTeX\tex/generic/pgf/systemlayer\pgfsyssoftpath.code.tex
File: pgfsyssoftpath.code.tex 2021/05/15 v3.1.9a (3.1.9a)
\pgfsyssoftpath@smallbuffer@items=\count282
\pgfsyssoftpath@bigbuffer@items=\count283
) (C:\Users\lizhi\AppData\Local\Programs\MiKTeX\tex/generic/pgf/systemlayer\pgfsysprotocol.code.tex
File: pgfsysprotocol.code.tex 2021/05/15 v3.1.9a (3.1.9a)
)) (C:\Users\lizhi\AppData\Local\Programs\MiKTeX\tex/latex/xcolor\xcolor.sty
Package: xcolor 2016/05/11 v2.12 LaTeX color extensions (UK)
 (C:\Users\lizhi\AppData\Local\Programs\MiKTeX\tex/latex/graphics-cfg\color.cfg
File: color.cfg 2016/01/02 v1.6 sample color configuration
)
Package xcolor Info: Driver file: pdftex.def on input line 225.
Package xcolor Info: Model `cmy' substituted by `cmy0' on input line 1348.
Package xcolor Info: Model `hsb' substituted by `rgb' on input line 1352.
Package xcolor Info: Model `RGB' extended on input line 1364.
Package xcolor Info: Model `HTML' substituted by `rgb' on input line 1366.
Package xcolor Info: Model `Hsb' substituted by `hsb' on input line 1367.
Package xcolor Info: Model `tHsb' substituted by `hsb' on input line 1368.
Package xcolor Info: Model `HSB' substituted by `hsb' on input line 1369.
Package xcolor Info: Model `Gray' substituted by `gray' on input line 1370.
Package xcolor Info: Model `wave' substituted by `hsb' on input line 1371.
) (C:\Users\lizhi\AppData\Local\Programs\MiKTeX\tex/generic/pgf/basiclayer\pgfcore.code.tex
Package: pgfcore 2021/05/15 v3.1.9a (3.1.9a)
 (C:\Users\lizhi\AppData\Local\Programs\MiKTeX\tex/generic/pgf/math\pgfmath.code.tex (C:\Users\lizhi\AppData\Local\Programs\MiKTeX\tex/generic/pgf/math\pgfmathcalc.code.tex (C:\Users\lizhi\AppData\Local\Programs\MiKTeX\tex/generic/pgf/math\pgfmathutil.code.tex) (C:\Users\lizhi\AppData\Local\Programs\MiKTeX\tex/generic/pgf/math\pgfmathparser.code.tex
\pgfmath@dimen=\dimen176
\pgfmath@count=\count284
\pgfmath@box=\box60
\pgfmath@toks=\toks25
\pgfmath@stack@operand=\toks26
\pgfmath@stack@operation=\toks27
) (C:\Users\lizhi\AppData\Local\Programs\MiKTeX\tex/generic/pgf/math\pgfmathfunctions.code.tex (C:\Users\lizhi\AppData\Local\Programs\MiKTeX\tex/generic/pgf/math\pgfmathfunctions.basic.code.tex) (C:\Users\lizhi\AppData\Local\Programs\MiKTeX\tex/generic/pgf/math\pgfmathfunctions.trigonometric.code.tex) (C:\Users\lizhi\AppData\Local\Programs\MiKTeX\tex/generic/pgf/math\pgfmathfunctions.random.code.tex) (C:\Users\lizhi\AppData\Local\Programs\MiKTeX\tex/generic/pgf/math\pgfmathfunctions.comparison.code.tex) (C:\Users\lizhi\AppData\Local\Programs\MiKTeX\tex/generic/pgf/math\pgfmathfunctions.base.code.tex) (C:\Users\lizhi\AppData\Local\Programs\MiKTeX\tex/generic/pgf/math\pgfmathfunctions.round.code.tex) (C:\Users\lizhi\AppData\Local\Programs\MiKTeX\tex/generic/pgf/math\pgfmathfunctions.misc.code.tex) (C:\Users\lizhi\AppData\Local\Programs\MiKTeX\tex/generic/pgf/math\pgfmathfunctions.integerarithmetics.code.tex))) (C:\Users\lizhi\AppData\Local\Programs\MiKTeX\tex/generic/pgf/math\pgfmathfloat.code.tex
\c@pgfmathroundto@lastzeros=\count285
)) (C:\Users\lizhi\AppData\Local\Programs\MiKTeX\tex/generic/pgf/math\pgfint.code.tex) (C:\Users\lizhi\AppData\Local\Programs\MiKTeX\tex/generic/pgf/basiclayer\pgfcorepoints.code.tex
File: pgfcorepoints.code.tex 2021/05/15 v3.1.9a (3.1.9a)
\pgf@picminx=\dimen177
\pgf@picmaxx=\dimen178
\pgf@picminy=\dimen179
\pgf@picmaxy=\dimen180
\pgf@pathminx=\dimen181
\pgf@pathmaxx=\dimen182
\pgf@pathminy=\dimen183
\pgf@pathmaxy=\dimen184
\pgf@xx=\dimen185
\pgf@xy=\dimen186
\pgf@yx=\dimen187
\pgf@yy=\dimen188
\pgf@zx=\dimen189
\pgf@zy=\dimen190
) (C:\Users\lizhi\AppData\Local\Programs\MiKTeX\tex/generic/pgf/basiclayer\pgfcorepathconstruct.code.tex
File: pgfcorepathconstruct.code.tex 2021/05/15 v3.1.9a (3.1.9a)
\pgf@path@lastx=\dimen191
\pgf@path@lasty=\dimen192
) (C:\Users\lizhi\AppData\Local\Programs\MiKTeX\tex/generic/pgf/basiclayer\pgfcorepathusage.code.tex
File: pgfcorepathusage.code.tex 2021/05/15 v3.1.9a (3.1.9a)
\pgf@shorten@end@additional=\dimen193
\pgf@shorten@start@additional=\dimen194
) (C:\Users\lizhi\AppData\Local\Programs\MiKTeX\tex/generic/pgf/basiclayer\pgfcorescopes.code.tex
File: pgfcorescopes.code.tex 2021/05/15 v3.1.9a (3.1.9a)
\pgfpic=\box61
\pgf@hbox=\box62
\pgf@layerbox@main=\box63
\pgf@picture@serial@count=\count286
) (C:\Users\lizhi\AppData\Local\Programs\MiKTeX\tex/generic/pgf/basiclayer\pgfcoregraphicstate.code.tex
File: pgfcoregraphicstate.code.tex 2021/05/15 v3.1.9a (3.1.9a)
\pgflinewidth=\dimen195
) (C:\Users\lizhi\AppData\Local\Programs\MiKTeX\tex/generic/pgf/basiclayer\pgfcoretransformations.code.tex
File: pgfcoretransformations.code.tex 2021/05/15 v3.1.9a (3.1.9a)
\pgf@pt@x=\dimen196
\pgf@pt@y=\dimen197
\pgf@pt@temp=\dimen198
) (C:\Users\lizhi\AppData\Local\Programs\MiKTeX\tex/generic/pgf/basiclayer\pgfcorequick.code.tex
File: pgfcorequick.code.tex 2021/05/15 v3.1.9a (3.1.9a)
) (C:\Users\lizhi\AppData\Local\Programs\MiKTeX\tex/generic/pgf/basiclayer\pgfcoreobjects.code.tex
File: pgfcoreobjects.code.tex 2021/05/15 v3.1.9a (3.1.9a)
) (C:\Users\lizhi\AppData\Local\Programs\MiKTeX\tex/generic/pgf/basiclayer\pgfcorepathprocessing.code.tex
File: pgfcorepathprocessing.code.tex 2021/05/15 v3.1.9a (3.1.9a)
) (C:\Users\lizhi\AppData\Local\Programs\MiKTeX\tex/generic/pgf/basiclayer\pgfcorearrows.code.tex
File: pgfcorearrows.code.tex 2021/05/15 v3.1.9a (3.1.9a)
\pgfarrowsep=\dimen199
) (C:\Users\lizhi\AppData\Local\Programs\MiKTeX\tex/generic/pgf/basiclayer\pgfcoreshade.code.tex
File: pgfcoreshade.code.tex 2021/05/15 v3.1.9a (3.1.9a)
\pgf@max=\dimen256
\pgf@sys@shading@range@num=\count287
\pgf@shadingcount=\count288
) (C:\Users\lizhi\AppData\Local\Programs\MiKTeX\tex/generic/pgf/basiclayer\pgfcoreimage.code.tex
File: pgfcoreimage.code.tex 2021/05/15 v3.1.9a (3.1.9a)
 (C:\Users\lizhi\AppData\Local\Programs\MiKTeX\tex/generic/pgf/basiclayer\pgfcoreexternal.code.tex
File: pgfcoreexternal.code.tex 2021/05/15 v3.1.9a (3.1.9a)
\pgfexternal@startupbox=\box64
)) (C:\Users\lizhi\AppData\Local\Programs\MiKTeX\tex/generic/pgf/basiclayer\pgfcorelayers.code.tex
File: pgfcorelayers.code.tex 2021/05/15 v3.1.9a (3.1.9a)
) (C:\Users\lizhi\AppData\Local\Programs\MiKTeX\tex/generic/pgf/basiclayer\pgfcoretransparency.code.tex
File: pgfcoretransparency.code.tex 2021/05/15 v3.1.9a (3.1.9a)
) (C:\Users\lizhi\AppData\Local\Programs\MiKTeX\tex/generic/pgf/basiclayer\pgfcorepatterns.code.tex
File: pgfcorepatterns.code.tex 2021/05/15 v3.1.9a (3.1.9a)
) (C:\Users\lizhi\AppData\Local\Programs\MiKTeX\tex/generic/pgf/basiclayer\pgfcorerdf.code.tex
File: pgfcorerdf.code.tex 2021/05/15 v3.1.9a (3.1.9a)
))) (C:\Users\lizhi\AppData\Local\Programs\MiKTeX\tex/latex/base\size11.clo
File: size11.clo 2021/02/12 v1.4n Standard LaTeX file (size option)
) (C:\Users\lizhi\AppData\Local\Programs\MiKTeX\tex/latex/pgf/utilities\xxcolor.sty
Package: xxcolor 2003/10/24 ver 0.1
\XC@nummixins=\count289
\XC@countmixins=\count290
) (C:\Users\lizhi\AppData\Local\Programs\MiKTeX\tex/latex/base\atbegshi-ltx.sty
Package: atbegshi-ltx 2021/01/10 v1.0c Emulation of the original atbegshi
package with kernel methods
) (C:\Users\lizhi\AppData\Local\Programs\MiKTeX\tex/latex/hyperref\hyperref.sty
Package: hyperref 2021-06-07 v7.00m Hypertext links for LaTeX
 (C:\Users\lizhi\AppData\Local\Programs\MiKTeX\tex/generic/ltxcmds\ltxcmds.sty
Package: ltxcmds 2020-05-10 v1.25 LaTeX kernel commands for general use (HO)
) (C:\Users\lizhi\AppData\Local\Programs\MiKTeX\tex/generic/pdftexcmds\pdftexcmds.sty
Package: pdftexcmds 2020-06-27 v0.33 Utility functions of pdfTeX for LuaTeX (HO)
 (C:\Users\lizhi\AppData\Local\Programs\MiKTeX\tex/generic/infwarerr\infwarerr.sty
Package: infwarerr 2019/12/03 v1.5 Providing info/warning/error messages (HO)
)
Package pdftexcmds Info: \pdf@primitive is available.
Package pdftexcmds Info: \pdf@ifprimitive is available.
Package pdftexcmds Info: \pdfdraftmode found.
) (C:\Users\lizhi\AppData\Local\Programs\MiKTeX\tex/generic/kvsetkeys\kvsetkeys.sty
Package: kvsetkeys 2019/12/15 v1.18 Key value parser (HO)
) (C:\Users\lizhi\AppData\Local\Programs\MiKTeX\tex/generic/kvdefinekeys\kvdefinekeys.sty
Package: kvdefinekeys 2019-12-19 v1.6 Define keys (HO)
) (C:\Users\lizhi\AppData\Local\Programs\MiKTeX\tex/generic/pdfescape\pdfescape.sty
Package: pdfescape 2019/12/09 v1.15 Implements pdfTeX's escape features (HO)
) (C:\Users\lizhi\AppData\Local\Programs\MiKTeX\tex/latex/hycolor\hycolor.sty
Package: hycolor 2020-01-27 v1.10 Color options for hyperref/bookmark (HO)
) (C:\Users\lizhi\AppData\Local\Programs\MiKTeX\tex/latex/letltxmacro\letltxmacro.sty
Package: letltxmacro 2019/12/03 v1.6 Let assignment for LaTeX macros (HO)
) (C:\Users\lizhi\AppData\Local\Programs\MiKTeX\tex/latex/auxhook\auxhook.sty
Package: auxhook 2019-12-17 v1.6 Hooks for auxiliary files (HO)
) (C:\Users\lizhi\AppData\Local\Programs\MiKTeX\tex/latex/kvoptions\kvoptions.sty
Package: kvoptions 2020-10-07 v3.14 Key value format for package options (HO)
)
\@linkdim=\dimen257
\Hy@linkcounter=\count291
\Hy@pagecounter=\count292
 (C:\Users\lizhi\AppData\Local\Programs\MiKTeX\tex/latex/hyperref\pd1enc.def
File: pd1enc.def 2021-06-07 v7.00m Hyperref: PDFDocEncoding definition (HO)
Now handling font encoding PD1 ...
... no UTF-8 mapping file for font encoding PD1
) (C:\Users\lizhi\AppData\Local\Programs\MiKTeX\tex/latex/hyperref\hyperref-langpatches.def
File: hyperref-langpatches.def 2021-06-07 v7.00m Hyperref: patches for babel languages
) (C:\Users\lizhi\AppData\Local\Programs\MiKTeX\tex/generic/intcalc\intcalc.sty
Package: intcalc 2019/12/15 v1.3 Expandable calculations with integers (HO)
) (C:\Users\lizhi\AppData\Local\Programs\MiKTeX\tex/generic/etexcmds\etexcmds.sty
Package: etexcmds 2019/12/15 v1.7 Avoid name clashes with e-TeX commands (HO)
)
\Hy@SavedSpaceFactor=\count293
 (C:\Users\lizhi\AppData\Local\Programs\MiKTeX\tex/latex/hyperref\puenc.def
File: puenc.def 2021-06-07 v7.00m Hyperref: PDF Unicode definition (HO)
Now handling font encoding PU ...
... no UTF-8 mapping file for font encoding PU
)
Package hyperref Info: Option `bookmarks' set `true' on input line 4073.
Package hyperref Info: Option `bookmarksopen' set `true' on input line 4073.
Package hyperref Info: Option `implicit' set `false' on input line 4073.
Package hyperref Info: Hyper figures OFF on input line 4192.
Package hyperref Info: Link nesting OFF on input line 4197.
Package hyperref Info: Hyper index ON on input line 4200.
Package hyperref Info: Plain pages OFF on input line 4207.
Package hyperref Info: Backreferencing OFF on input line 4212.
Package hyperref Info: Implicit mode OFF; no redefinition of LaTeX internals.
Package hyperref Info: Bookmarks ON on input line 4445.
\c@Hy@tempcnt=\count294
 (C:\Users\lizhi\AppData\Local\Programs\MiKTeX\tex/latex/url\url.sty
\Urlmuskip=\muskip16
Package: url 2013/09/16  ver 3.4  Verb mode for urls, etc.
)
LaTeX Info: Redefining \url on input line 4804.
\XeTeXLinkMargin=\dimen258
 (C:\Users\lizhi\AppData\Local\Programs\MiKTeX\tex/generic/bitset\bitset.sty
Package: bitset 2019/12/09 v1.3 Handle bit-vector datatype (HO)
 (C:\Users\lizhi\AppData\Local\Programs\MiKTeX\tex/generic/bigintcalc\bigintcalc.sty
Package: bigintcalc 2019/12/15 v1.5 Expandable calculations on big integers (HO)
))
\Fld@menulength=\count295
\Field@Width=\dimen259
\Fld@charsize=\dimen260
Package hyperref Info: Hyper figures OFF on input line 6076.
Package hyperref Info: Link nesting OFF on input line 6081.
Package hyperref Info: Hyper index ON on input line 6084.
Package hyperref Info: backreferencing OFF on input line 6091.
Package hyperref Info: Link coloring OFF on input line 6096.
Package hyperref Info: Link coloring with OCG OFF on input line 6101.
Package hyperref Info: PDF/A mode OFF on input line 6106.
LaTeX Info: Redefining \ref on input line 6146.
LaTeX Info: Redefining \pageref on input line 6150.
\Hy@abspage=\count296


Package hyperref Message: Stopped early.

)
Package hyperref Info: Driver (autodetected): hpdftex.
 (C:\Users\lizhi\AppData\Local\Programs\MiKTeX\tex/latex/hyperref\hpdftex.def
File: hpdftex.def 2021-06-07 v7.00m Hyperref driver for pdfTeX
 (C:\Users\lizhi\AppData\Local\Programs\MiKTeX\tex/latex/base\atveryend-ltx.sty
Package: atveryend-ltx 2020/08/19 v1.0a Emulation of the original atvery package
with kernel methods
)
\Fld@listcount=\count297
\c@bookmark@seq@number=\count298
 (C:\Users\lizhi\AppData\Local\Programs\MiKTeX\tex/latex/rerunfilecheck\rerunfilecheck.sty
Package: rerunfilecheck 2019/12/05 v1.9 Rerun checks for auxiliary files (HO)
 (C:\Users\lizhi\AppData\Local\Programs\MiKTeX\tex/generic/uniquecounter\uniquecounter.sty
Package: uniquecounter 2019/12/15 v1.4 Provide unlimited unique counter (HO)
)
Package uniquecounter Info: New unique counter `rerunfilecheck' on input line 286.
)) (C:\Users\lizhi\AppData\Local\Programs\MiKTeX\tex/latex/beamer\beamerbaserequires.sty (C:\Users\lizhi\AppData\Local\Programs\MiKTeX\tex/latex/beamer\beamerbasecompatibility.sty) (C:\Users\lizhi\AppData\Local\Programs\MiKTeX\tex/latex/beamer\beamerbasefont.sty (C:\Users\lizhi\AppData\Local\Programs\MiKTeX\tex/latex/amsfonts\amssymb.sty
Package: amssymb 2013/01/14 v3.01 AMS font symbols
 (C:\Users\lizhi\AppData\Local\Programs\MiKTeX\tex/latex/amsfonts\amsfonts.sty
Package: amsfonts 2013/01/14 v3.01 Basic AMSFonts support
\@emptytoks=\toks28
\symAMSa=\mathgroup4
\symAMSb=\mathgroup5
LaTeX Font Info:    Redeclaring math symbol \hbar on input line 98.
LaTeX Font Info:    Overwriting math alphabet `\mathfrak' in version `bold'
(Font)                  U/euf/m/n --> U/euf/b/n on input line 106.
)) (C:\Users\lizhi\AppData\Local\Programs\MiKTeX\tex/latex/sansmathaccent\sansmathaccent.sty
Package: sansmathaccent 2020/01/31
 (C:\Users\lizhi\AppData\Local\Programs\MiKTeX\tex/latex/koma-script\scrlfile.sty
Package: scrlfile 2021/11/13 v3.35 KOMA-Script package (file load hooks)
 (C:\Users\lizhi\AppData\Local\Programs\MiKTeX\tex/latex/koma-script\scrlfile-hook-3.34.sty
Package: scrlfile-hook-3.34 2021/11/13 v3.35 KOMA-Script package (using LaTeX hooks)
 (C:\Users\lizhi\AppData\Local\Programs\MiKTeX\tex/latex/koma-script\scrlogo.sty
Package: scrlogo 2021/11/13 v3.35 KOMA-Script package (logo)
))))) (C:\Users\lizhi\AppData\Local\Programs\MiKTeX\tex/latex/beamer\beamerbasetranslator.sty (C:\Users\lizhi\AppData\Local\Programs\MiKTeX\tex/latex/translator\translator.sty
Package: translator 2021-05-31 v1.12d Easy translation of strings in LaTeX
)) (C:\Users\lizhi\AppData\Local\Programs\MiKTeX\tex/latex/beamer\beamerbasemisc.sty) (C:\Users\lizhi\AppData\Local\Programs\MiKTeX\tex/latex/beamer\beamerbasetwoscreens.sty) (C:\Users\lizhi\AppData\Local\Programs\MiKTeX\tex/latex/beamer\beamerbaseoverlay.sty
\beamer@argscount=\count299
\beamer@lastskipcover=\skip50
\beamer@trivlistdepth=\count300
) (C:\Users\lizhi\AppData\Local\Programs\MiKTeX\tex/latex/beamer\beamerbasetitle.sty) (C:\Users\lizhi\AppData\Local\Programs\MiKTeX\tex/latex/beamer\beamerbasesection.sty
\c@lecture=\count301
\c@part=\count302
\c@section=\count303
\c@subsection=\count304
\c@subsubsection=\count305
) (C:\Users\lizhi\AppData\Local\Programs\MiKTeX\tex/latex/beamer\beamerbaseframe.sty
\beamer@framebox=\box65
\beamer@frametitlebox=\box66
\beamer@zoombox=\box67
\beamer@zoomcount=\count306
\beamer@zoomframecount=\count307
\beamer@frametextheight=\dimen261
\c@subsectionslide=\count308
\beamer@frametopskip=\skip51
\beamer@framebottomskip=\skip52
\beamer@frametopskipautobreak=\skip53
\beamer@framebottomskipautobreak=\skip54
\beamer@envbody=\toks29
\framewidth=\dimen262
\c@framenumber=\count309
) (C:\Users\lizhi\AppData\Local\Programs\MiKTeX\tex/latex/beamer\beamerbaseverbatim.sty
\beamer@verbatimfileout=\write4
) (C:\Users\lizhi\AppData\Local\Programs\MiKTeX\tex/latex/beamer\beamerbaseframesize.sty
\beamer@splitbox=\box68
\beamer@autobreakcount=\count310
\beamer@autobreaklastheight=\dimen263
\beamer@frametitletoks=\toks30
\beamer@framesubtitletoks=\toks31
) (C:\Users\lizhi\AppData\Local\Programs\MiKTeX\tex/latex/beamer\beamerbaseframecomponents.sty
\beamer@footins=\box69
) (C:\Users\lizhi\AppData\Local\Programs\MiKTeX\tex/latex/beamer\beamerbasecolor.sty) (C:\Users\lizhi\AppData\Local\Programs\MiKTeX\tex/latex/beamer\beamerbasenotes.sty
\beamer@frameboxcopy=\box70
) (C:\Users\lizhi\AppData\Local\Programs\MiKTeX\tex/latex/beamer\beamerbasetoc.sty) (C:\Users\lizhi\AppData\Local\Programs\MiKTeX\tex/latex/beamer\beamerbasetemplates.sty
\beamer@sbttoks=\toks32
 (C:\Users\lizhi\AppData\Local\Programs\MiKTeX\tex/latex/beamer\beamerbaseauxtemplates.sty (C:\Users\lizhi\AppData\Local\Programs\MiKTeX\tex/latex/beamer\beamerbaseboxes.sty
\bmb@box=\box71
\bmb@colorbox=\box72
\bmb@boxwidth=\dimen264
\bmb@boxheight=\dimen265
\bmb@prevheight=\dimen266
\bmb@temp=\dimen267
\bmb@dima=\dimen268
\bmb@dimb=\dimen269
\bmb@prevheight=\dimen270
)
\beamer@blockheadheight=\dimen271
)) (C:\Users\lizhi\AppData\Local\Programs\MiKTeX\tex/latex/beamer\beamerbaselocalstructure.sty (C:\Users\lizhi\AppData\Local\Programs\MiKTeX\tex/latex/tools\enumerate.sty
Package: enumerate 2015/07/23 v3.00 enumerate extensions (DPC)
\@enLab=\toks33
)
\beamer@bibiconwidth=\skip55
\c@figure=\count311
\c@table=\count312
\abovecaptionskip=\skip56
\belowcaptionskip=\skip57
) (C:\Users\lizhi\AppData\Local\Programs\MiKTeX\tex/latex/beamer\beamerbasenavigation.sty
\beamer@section@min@dim=\dimen272
) (C:\Users\lizhi\AppData\Local\Programs\MiKTeX\tex/latex/beamer\beamerbasetheorems.sty (C:\Users\lizhi\AppData\Local\Programs\MiKTeX\tex/latex/amsmath\amsmath.sty
Package: amsmath 2021/04/20 v2.17j AMS math features
\@mathmargin=\skip58

For additional information on amsmath, use the `?' option.
(C:\Users\lizhi\AppData\Local\Programs\MiKTeX\tex/latex/amsmath\amstext.sty
Package: amstext 2000/06/29 v2.01 AMS text
 (C:\Users\lizhi\AppData\Local\Programs\MiKTeX\tex/latex/amsmath\amsgen.sty
File: amsgen.sty 1999/11/30 v2.0 generic functions
\@emptytoks=\toks34
\ex@=\dimen273
)) (C:\Users\lizhi\AppData\Local\Programs\MiKTeX\tex/latex/amsmath\amsbsy.sty
Package: amsbsy 1999/11/29 v1.2d Bold Symbols
\pmbraise@=\dimen274
) (C:\Users\lizhi\AppData\Local\Programs\MiKTeX\tex/latex/amsmath\amsopn.sty
Package: amsopn 2016/03/08 v2.02 operator names
)
\inf@bad=\count313
LaTeX Info: Redefining \frac on input line 234.
\uproot@=\count314
\leftroot@=\count315
LaTeX Info: Redefining \overline on input line 399.
\classnum@=\count316
\DOTSCASE@=\count317
LaTeX Info: Redefining \ldots on input line 496.
LaTeX Info: Redefining \dots on input line 499.
LaTeX Info: Redefining \cdots on input line 620.
\Mathstrutbox@=\box73
\strutbox@=\box74
\big@size=\dimen275
LaTeX Font Info:    Redeclaring font encoding OML on input line 743.
LaTeX Font Info:    Redeclaring font encoding OMS on input line 744.
\macc@depth=\count318
\c@MaxMatrixCols=\count319
\dotsspace@=\muskip17
\c@parentequation=\count320
\dspbrk@lvl=\count321
\tag@help=\toks35
\row@=\count322
\column@=\count323
\maxfields@=\count324
\andhelp@=\toks36
\eqnshift@=\dimen276
\alignsep@=\dimen277
\tagshift@=\dimen278
\tagwidth@=\dimen279
\totwidth@=\dimen280
\lineht@=\dimen281
\@envbody=\toks37
\multlinegap=\skip59
\multlinetaggap=\skip60
\mathdisplay@stack=\toks38
LaTeX Info: Redefining \[ on input line 2923.
LaTeX Info: Redefining \] on input line 2924.
) (C:\Users\lizhi\AppData\Local\Programs\MiKTeX\tex/latex/amscls\amsthm.sty
Package: amsthm 2020/05/29 v2.20.6
\thm@style=\toks39
\thm@bodyfont=\toks40
\thm@headfont=\toks41
\thm@notefont=\toks42
\thm@headpunct=\toks43
\thm@preskip=\skip61
\thm@postskip=\skip62
\thm@headsep=\skip63
\dth@everypar=\toks44
)
\c@theorem=\count325
) (C:\Users\lizhi\AppData\Local\Programs\MiKTeX\tex/latex/beamer\beamerbasethemes.sty)) (C:\Users\lizhi\AppData\Local\Programs\MiKTeX\tex/latex/beamer\beamerthemedefault.sty (C:\Users\lizhi\AppData\Local\Programs\MiKTeX\tex/latex/beamer\beamerfontthemedefault.sty) (C:\Users\lizhi\AppData\Local\Programs\MiKTeX\tex/latex/beamer\beamercolorthemedefault.sty) (C:\Users\lizhi\AppData\Local\Programs\MiKTeX\tex/latex/beamer\beamerinnerthemedefault.sty
\beamer@dima=\dimen282
\beamer@dimb=\dimen283
) (C:\Users\lizhi\AppData\Local\Programs\MiKTeX\tex/latex/beamer\beamerouterthemedefault.sty))) (C:\Users\lizhi\AppData\Local\Programs\MiKTeX\tex/latex/beamer\beamerthemeBoadilla.sty (C:\Users\lizhi\AppData\Local\Programs\MiKTeX\tex/latex/beamer\beamercolorthemerose.sty) (C:\Users\lizhi\AppData\Local\Programs\MiKTeX\tex/latex/beamer\beamerinnerthemerounded.sty) (C:\Users\lizhi\AppData\Local\Programs\MiKTeX\tex/latex/beamer\beamercolorthemedolphin.sty) (C:\Users\lizhi\AppData\Local\Programs\MiKTeX\tex/latex/beamer\beamerouterthemeinfolines.sty)) (C:\Users\lizhi\AppData\Local\Programs\MiKTeX\tex/latex/l3backend\l3backend-pdftex.def
File: l3backend-pdftex.def 2021-08-04 L3 backend support: PDF output (pdfTeX)
\l__color_backend_stack_int=\count326
\l__pdf_internal_box=\box75
) (test.aux)
\openout1 = `test.aux'.

LaTeX Font Info:    Checking defaults for OML/cmm/m/it on input line 5.
LaTeX Font Info:    ... okay on input line 5.
LaTeX Font Info:    Checking defaults for OMS/cmsy/m/n on input line 5.
LaTeX Font Info:    ... okay on input line 5.
LaTeX Font Info:    Checking defaults for OT1/cmr/m/n on input line 5.
LaTeX Font Info:    ... okay on input line 5.
LaTeX Font Info:    Checking defaults for T1/cmr/m/n on input line 5.
LaTeX Font Info:    ... okay on input line 5.
LaTeX Font Info:    Checking defaults for TS1/cmr/m/n on input line 5.
LaTeX Font Info:    ... okay on input line 5.
LaTeX Font Info:    Checking defaults for OMX/cmex/m/n on input line 5.
LaTeX Font Info:    ... okay on input line 5.
LaTeX Font Info:    Checking defaults for U/cmr/m/n on input line 5.
LaTeX Font Info:    ... okay on input line 5.
LaTeX Font Info:    Checking defaults for PD1/pdf/m/n on input line 5.
LaTeX Font Info:    ... okay on input line 5.
LaTeX Font Info:    Checking defaults for PU/pdf/m/n on input line 5.
LaTeX Font Info:    ... okay on input line 5.

*geometry* driver: auto-detecting
*geometry* detected driver: pdftex
*geometry* verbose mode - [ preamble ] result:
* driver: pdftex
* paper: custom
* layout: <same size as paper>
* layoutoffset:(h,v)=(0.0pt,0.0pt)
* modes: includehead includefoot twoside 
* h-part:(L,W,R)=(10.95003pt, 342.2953pt, 10.95003pt)
* v-part:(T,H,B)=(0.0pt, 273.14662pt, 0.0pt)
* \paperwidth=364.19536pt
* \paperheight=273.14662pt
* \textwidth=342.2953pt
* \textheight=244.6939pt
* \oddsidemargin=-61.31996pt
* \evensidemargin=-61.31996pt
* \topmargin=-72.26999pt
* \headheight=14.22636pt
* \headsep=0.0pt
* \topskip=11.0pt
* \footskip=14.22636pt
* \marginparwidth=48.0pt
* \marginparsep=10.0pt
* \columnsep=10.0pt
* \skip\footins=10.0pt plus 4.0pt minus 2.0pt
* \hoffset=0.0pt
* \voffset=0.0pt
* \mag=1000
* \@twocolumnfalse
* \@twosidetrue
* \@mparswitchtrue
* \@reversemarginfalse
* (1in=72.27pt=25.4mm, 1cm=28.453pt)

(C:\Users\lizhi\AppData\Local\Programs\MiKTeX\tex/context/base/mkii\supp-pdf.mkii
[Loading MPS to PDF converter (version 2006.09.02).]
\scratchcounter=\count327
\scratchdimen=\dimen284
\scratchbox=\box76
\nofMPsegments=\count328
\nofMParguments=\count329
\everyMPshowfont=\toks45
\MPscratchCnt=\count330
\MPscratchDim=\dimen285
\MPnumerator=\count331
\makeMPintoPDFobject=\count332
\everyMPtoPDFconversion=\toks46
) (C:\Users\lizhi\AppData\Local\Programs\MiKTeX\tex/latex/epstopdf-pkg\epstopdf-base.sty
Package: epstopdf-base 2020-01-24 v2.11 Base part for package epstopdf
Package epstopdf-base Info: Redefining graphics rule for `.eps' on input line 485.
 (C:\Users\lizhi\AppData\Local\Programs\MiKTeX\tex/latex/00miktex\epstopdf-sys.cfg
File: epstopdf-sys.cfg 2021/03/18 v2.0 Configuration of epstopdf for MiKTeX
))
Package hyperref Info: Link coloring OFF on input line 5.
 (C:\Users\lizhi\AppData\Local\Programs\MiKTeX\tex/latex/hyperref\nameref.sty
Package: nameref 2021-04-02 v2.47 Cross-referencing by name of section
 (C:\Users\lizhi\AppData\Local\Programs\MiKTeX\tex/latex/refcount\refcount.sty
Package: refcount 2019/12/15 v3.6 Data extraction from label references (HO)
) (C:\Users\lizhi\AppData\Local\Programs\MiKTeX\tex/generic/gettitlestring\gettitlestring.sty
Package: gettitlestring 2019/12/15 v1.6 Cleanup title references (HO)
)
\c@section@level=\count333
)
LaTeX Info: Redefining \ref on input line 5.
LaTeX Info: Redefining \pageref on input line 5.
LaTeX Info: Redefining \nameref on input line 5.
 (test.out) (test.out)
\@outlinefile=\write5
\openout5 = `test.out'.

LaTeX Font Info:    Overwriting symbol font `operators' in version `normal'
(Font)                  OT1/cmr/m/n --> OT1/cmss/m/n on input line 5.
LaTeX Font Info:    Overwriting symbol font `operators' in version `bold'
(Font)                  OT1/cmr/bx/n --> OT1/cmss/b/n on input line 5.
\symnumbers=\mathgroup6
\sympureletters=\mathgroup7
LaTeX Font Info:    Overwriting math alphabet `\mathrm' in version `normal'
(Font)                  OT1/cmss/m/n --> OT1/cmr/m/n on input line 5.
LaTeX Font Info:    Redeclaring math alphabet \mathbf on input line 5.
LaTeX Font Info:    Overwriting math alphabet `\mathbf' in version `normal'
(Font)                  OT1/cmr/bx/n --> OT1/cmss/b/n on input line 5.
LaTeX Font Info:    Overwriting math alphabet `\mathbf' in version `bold'
(Font)                  OT1/cmr/bx/n --> OT1/cmss/b/n on input line 5.
LaTeX Font Info:    Redeclaring math alphabet \mathsf on input line 5.
LaTeX Font Info:    Overwriting math alphabet `\mathsf' in version `normal'
(Font)                  OT1/cmss/m/n --> OT1/cmss/m/n on input line 5.
LaTeX Font Info:    Overwriting math alphabet `\mathsf' in version `bold'
(Font)                  OT1/cmss/bx/n --> OT1/cmss/m/n on input line 5.
LaTeX Font Info:    Redeclaring math alphabet \mathit on input line 5.
LaTeX Font Info:    Overwriting math alphabet `\mathit' in version `normal'
(Font)                  OT1/cmr/m/it --> OT1/cmss/m/it on input line 5.
LaTeX Font Info:    Overwriting math alphabet `\mathit' in version `bold'
(Font)                  OT1/cmr/bx/it --> OT1/cmss/m/it on input line 5.
LaTeX Font Info:    Redeclaring math alphabet \mathtt on input line 5.
LaTeX Font Info:    Overwriting math alphabet `\mathtt' in version `normal'
(Font)                  OT1/cmtt/m/n --> OT1/cmtt/m/n on input line 5.
LaTeX Font Info:    Overwriting math alphabet `\mathtt' in version `bold'
(Font)                  OT1/cmtt/m/n --> OT1/cmtt/m/n on input line 5.
LaTeX Font Info:    Overwriting symbol font `numbers' in version `bold'
(Font)                  OT1/cmss/m/n --> OT1/cmss/b/n on input line 5.
LaTeX Font Info:    Overwriting symbol font `pureletters' in version `bold'
(Font)                  OT1/cmss/m/it --> OT1/cmss/b/it on input line 5.
LaTeX Font Info:    Overwriting math alphabet `\mathrm' in version `bold'
(Font)                  OT1/cmss/b/n --> OT1/cmr/b/n on input line 5.
LaTeX Font Info:    Overwriting math alphabet `\mathbf' in version `bold'
(Font)                  OT1/cmss/b/n --> OT1/cmss/b/n on input line 5.
LaTeX Font Info:    Overwriting math alphabet `\mathsf' in version `bold'
(Font)                  OT1/cmss/m/n --> OT1/cmss/b/n on input line 5.
LaTeX Font Info:    Overwriting math alphabet `\mathit' in version `bold'
(Font)                  OT1/cmss/m/it --> OT1/cmss/b/it on input line 5.
LaTeX Font Info:    Overwriting math alphabet `\mathtt' in version `bold'
(Font)                  OT1/cmtt/m/n --> OT1/cmtt/b/n on input line 5.
LaTeX Font Info:    Redeclaring symbol font `pureletters' on input line 5.
LaTeX Font Info:    Overwriting symbol font `pureletters' in version `normal'
(Font)                  OT1/cmss/m/it --> OT1/mathkerncmss/m/sl on input line 5.
LaTeX Font Info:    Overwriting symbol font `pureletters' in version `bold'
(Font)                  OT1/cmss/b/it --> OT1/mathkerncmss/m/sl on input line 5.
LaTeX Font Info:    Overwriting symbol font `pureletters' in version `bold'
(Font)                  OT1/mathkerncmss/m/sl --> OT1/mathkerncmss/bx/sl on input line 5.
 (C:\Users\lizhi\AppData\Local\Programs\MiKTeX\tex/latex/translator\translator-basic-dictionary-English.dict
Dictionary: translator-basic-dictionary, Language: English 
) (C:\Users\lizhi\AppData\Local\Programs\MiKTeX\tex/latex/translator\translator-bibliography-dictionary-English.dict
Dictionary: translator-bibliography-dictionary, Language: English 
) (C:\Users\lizhi\AppData\Local\Programs\MiKTeX\tex/latex/translator\translator-environment-dictionary-English.dict
Dictionary: translator-environment-dictionary, Language: English 
) (C:\Users\lizhi\AppData\Local\Programs\MiKTeX\tex/latex/translator\translator-months-dictionary-English.dict
Dictionary: translator-months-dictionary, Language: English 
) (C:\Users\lizhi\AppData\Local\Programs\MiKTeX\tex/latex/translator\translator-numbers-dictionary-English.dict
Dictionary: translator-numbers-dictionary, Language: English 
) (C:\Users\lizhi\AppData\Local\Programs\MiKTeX\tex/latex/translator\translator-theorem-dictionary-English.dict
Dictionary: translator-theorem-dictionary, Language: English 
) (test.nav)

Package hyperref Warning: Option `pdfauthor' has already been used,
(hyperref)                setting the option has no effect on input line 7.

LaTeX Font Info:    Trying to load font information for U+msa on input line 20.
(C:\Users\lizhi\AppData\Local\Programs\MiKTeX\tex/latex/amsfonts\umsa.fd
File: umsa.fd 2013/01/14 v3.01 AMS symbols A
)
LaTeX Font Info:    Trying to load font information for U+msb on input line 20.
 (C:\Users\lizhi\AppData\Local\Programs\MiKTeX\tex/latex/amsfonts\umsb.fd
File: umsb.fd 2013/01/14 v3.01 AMS symbols B
)
LaTeX Font Info:    Trying to load font information for OT1+mathkerncmss on input line 20.
 (C:\Users\lizhi\AppData\Local\Programs\MiKTeX\tex/latex/sansmathaccent\ot1mathkerncmss.fd
File: ot1mathkerncmss.fd 2020/01/31 Fontinst v1.933 font definitions for OT1/mathkerncmss.
) [1

{C:/Users/lizhi/AppData/Local/MiKTeX/pdftex/config/pdftex.map}] [2] [3

]
<figures/Method_B_all_latest/BM1h_mHH.png, id=111, 1601.985pt x 1055.945pt>
File: figures/Method_B_all_latest/BM1h_mHH.png Graphic file (type png)
<use figures/Method_B_all_latest/BM1h_mHH.png>
Package pdftex.def Info: figures/Method_B_all_latest/BM1h_mHH.png  used on input line 56.
(pdftex.def)             Requested size: 109.537pt x 72.19968pt.
<figures/Method_B_all_latest/BM2h_mHH.png, id=112, 1601.985pt x 1055.945pt>
File: figures/Method_B_all_latest/BM2h_mHH.png Graphic file (type png)
<use figures/Method_B_all_latest/BM2h_mHH.png>
Package pdftex.def Info: figures/Method_B_all_latest/BM2h_mHH.png  used on input line 56.
(pdftex.def)             Requested size: 109.537pt x 72.19968pt.
<figures/Method_B_all_latest/BM3h_mHH.png, id=113, 1601.985pt x 1055.945pt>
File: figures/Method_B_all_latest/BM3h_mHH.png Graphic file (type png)
<use figures/Method_B_all_latest/BM3h_mHH.png>
Package pdftex.def Info: figures/Method_B_all_latest/BM3h_mHH.png  used on input line 56.
(pdftex.def)             Requested size: 109.537pt x 72.19968pt.
<figures/Method_B_all_latest/BM4h_mHH.png, id=114, 1601.985pt x 1055.945pt>
File: figures/Method_B_all_latest/BM4h_mHH.png Graphic file (type png)
<use figures/Method_B_all_latest/BM4h_mHH.png>
Package pdftex.def Info: figures/Method_B_all_latest/BM4h_mHH.png  used on input line 56.
(pdftex.def)             Requested size: 109.537pt x 72.19968pt.
<figures/Method_B_all_latest/BM5h_mHH.png, id=115, 1601.985pt x 1055.945pt>
File: figures/Method_B_all_latest/BM5h_mHH.png Graphic file (type png)
<use figures/Method_B_all_latest/BM5h_mHH.png>
Package pdftex.def Info: figures/Method_B_all_latest/BM5h_mHH.png  used on input line 56.
(pdftex.def)             Requested size: 109.537pt x 72.19968pt.
<figures/Method_B_all_latest/BM6h_mHH.png, id=116, 1601.985pt x 1055.945pt>
File: figures/Method_B_all_latest/BM6h_mHH.png Graphic file (type png)
<use figures/Method_B_all_latest/BM6h_mHH.png>
Package pdftex.def Info: figures/Method_B_all_latest/BM6h_mHH.png  used on input line 56.
(pdftex.def)             Requested size: 109.537pt x 72.19968pt.
<figures/Method_B_all_latest/BM7h_mHH.png, id=117, 1601.985pt x 1055.945pt>
File: figures/Method_B_all_latest/BM7h_mHH.png Graphic file (type png)
<use figures/Method_B_all_latest/BM7h_mHH.png>
Package pdftex.def Info: figures/Method_B_all_latest/BM7h_mHH.png  used on input line 56.
(pdftex.def)             Requested size: 109.537pt x 72.19968pt.
 [4

 <./figures/Method_B_all_latest/BM1h_mHH.png> <./figures/Method_B_all_latest/BM2h_mHH.png> <./figures/Method_B_all_latest/BM3h_mHH.png> <./figures/Method_B_all_latest/BM4h_mHH.png> <./figures/Method_B_all_latest/BM5h_mHH.png> <./figures/Method_B_all_latest/BM6h_mHH.png> <./figures/Method_B_all_latest/BM7h_mHH.png>]
<figures/Method_B_all_latest/BMgghh_m0p5h_mHH.png, id=145, 1601.985pt x 1055.945pt>
File: figures/Method_B_all_latest/BMgghh_m0p5h_mHH.png Graphic file (type png)
<use figures/Method_B_all_latest/BMgghh_m0p5h_mHH.png>
Package pdftex.def Info: figures/Method_B_all_latest/BMgghh_m0p5h_mHH.png  used on input line 69.
(pdftex.def)             Requested size: 109.537pt x 72.19968pt.
<figures/Method_B_all_latest/BMgghh_p0p5h_mHH.png, id=146, 1601.985pt x 1055.945pt>
File: figures/Method_B_all_latest/BMgghh_p0p5h_mHH.png Graphic file (type png)
<use figures/Method_B_all_latest/BMgghh_p0p5h_mHH.png>
Package pdftex.def Info: figures/Method_B_all_latest/BMgghh_p0p5h_mHH.png  used on input line 69.
(pdftex.def)             Requested size: 109.537pt x 72.19968pt.
<figures/Method_B_all_latest/BMgghh_p1h_mHH.png, id=147, 1601.985pt x 1055.945pt>
File: figures/Method_B_all_latest/BMgghh_p1h_mHH.png Graphic file (type png)
<use figures/Method_B_all_latest/BMgghh_p1h_mHH.png>
Package pdftex.def Info: figures/Method_B_all_latest/BMgghh_p1h_mHH.png  used on input line 69.
(pdftex.def)             Requested size: 109.537pt x 72.19968pt.
 [5

 <./figures/Method_B_all_latest/BMgghh_m0p5h_mHH.png> <./figures/Method_B_all_latest/BMgghh_p0p5h_mHH.png> <./figures/Method_B_all_latest/BMgghh_p1h_mHH.png>]
<figures/Method_B_all_latest/BMtthh_m0p5h_mHH.png, id=174, 1601.985pt x 1055.945pt>
File: figures/Method_B_all_latest/BMtthh_m0p5h_mHH.png Graphic file (type png)
<use figures/Method_B_all_latest/BMtthh_m0p5h_mHH.png>
Package pdftex.def Info: figures/Method_B_all_latest/BMtthh_m0p5h_mHH.png  used on input line 80.
(pdftex.def)             Requested size: 109.537pt x 72.19968pt.
<figures/Method_B_all_latest/BMtthh_p0p5h_mHH.png, id=175, 1601.985pt x 1055.945pt>
File: figures/Method_B_all_latest/BMtthh_p0p5h_mHH.png Graphic file (type png)
<use figures/Method_B_all_latest/BMtthh_p0p5h_mHH.png>
Package pdftex.def Info: figures/Method_B_all_latest/BMtthh_p0p5h_mHH.png  used on input line 80.
(pdftex.def)             Requested size: 109.537pt x 72.19968pt.
<figures/Method_B_all_latest/BMtthh_p1h_mHH.png, id=176, 1601.985pt x 1055.945pt>
File: figures/Method_B_all_latest/BMtthh_p1h_mHH.png Graphic file (type png)
<use figures/Method_B_all_latest/BMtthh_p1h_mHH.png>
Package pdftex.def Info: figures/Method_B_all_latest/BMtthh_p1h_mHH.png  used on input line 80.
(pdftex.def)             Requested size: 109.537pt x 72.19968pt.
 [6

 <./figures/Method_B_all_latest/BMtthh_m0p5h_mHH.png> <./figures/Method_B_all_latest/BMtthh_p0p5h_mHH.png> <./figures/Method_B_all_latest/BMtthh_p1h_mHH.png>]
<figures/Method_B_all_latest_LTT/BM1h_mHH.png, id=203, 1601.985pt x 1055.945pt>
File: figures/Method_B_all_latest_LTT/BM1h_mHH.png Graphic file (type png)
<use figures/Method_B_all_latest_LTT/BM1h_mHH.png>
Package pdftex.def Info: figures/Method_B_all_latest_LTT/BM1h_mHH.png  used on input line 96.
(pdftex.def)             Requested size: 109.537pt x 72.19968pt.
<figures/Method_B_all_latest_LTT/BM2h_mHH.png, id=204, 1601.985pt x 1055.945pt>
File: figures/Method_B_all_latest_LTT/BM2h_mHH.png Graphic file (type png)
<use figures/Method_B_all_latest_LTT/BM2h_mHH.png>
Package pdftex.def Info: figures/Method_B_all_latest_LTT/BM2h_mHH.png  used on input line 96.
(pdftex.def)             Requested size: 109.537pt x 72.19968pt.
<figures/Method_B_all_latest_LTT/BM3h_mHH.png, id=205, 1601.985pt x 1055.945pt>
File: figures/Method_B_all_latest_LTT/BM3h_mHH.png Graphic file (type png)
<use figures/Method_B_all_latest_LTT/BM3h_mHH.png>
Package pdftex.def Info: figures/Method_B_all_latest_LTT/BM3h_mHH.png  used on input line 96.
(pdftex.def)             Requested size: 109.537pt x 72.19968pt.
<figures/Method_B_all_latest_LTT/BM4h_mHH.png, id=206, 1601.985pt x 1055.945pt>
File: figures/Method_B_all_latest_LTT/BM4h_mHH.png Graphic file (type png)
<use figures/Method_B_all_latest_LTT/BM4h_mHH.png>
Package pdftex.def Info: figures/Method_B_all_latest_LTT/BM4h_mHH.png  used on input line 96.
(pdftex.def)             Requested size: 109.537pt x 72.19968pt.
<figures/Method_B_all_latest_LTT/BM5h_mHH.png, id=207, 1601.985pt x 1055.945pt>
File: figures/Method_B_all_latest_LTT/BM5h_mHH.png Graphic file (type png)
<use figures/Method_B_all_latest_LTT/BM5h_mHH.png>
Package pdftex.def Info: figures/Method_B_all_latest_LTT/BM5h_mHH.png  used on input line 96.
(pdftex.def)             Requested size: 109.537pt x 72.19968pt.
<figures/Method_B_all_latest_LTT/BM6h_mHH.png, id=208, 1601.985pt x 1055.945pt>
File: figures/Method_B_all_latest_LTT/BM6h_mHH.png Graphic file (type png)
<use figures/Method_B_all_latest_LTT/BM6h_mHH.png>
Package pdftex.def Info: figures/Method_B_all_latest_LTT/BM6h_mHH.png  used on input line 96.
(pdftex.def)             Requested size: 109.537pt x 72.19968pt.
<figures/Method_B_all_latest_LTT/BM7h_mHH.png, id=209, 1601.985pt x 1055.945pt>
File: figures/Method_B_all_latest_LTT/BM7h_mHH.png Graphic file (type png)
<use figures/Method_B_all_latest_LTT/BM7h_mHH.png>
Package pdftex.def Info: figures/Method_B_all_latest_LTT/BM7h_mHH.png  used on input line 96.
(pdftex.def)             Requested size: 109.537pt x 72.19968pt.
 [7

 <./figures/Method_B_all_latest_LTT/BM1h_mHH.png> <./figures/Method_B_all_latest_LTT/BM2h_mHH.png> <./figures/Method_B_all_latest_LTT/BM3h_mHH.png> <./figures/Method_B_all_latest_LTT/BM4h_mHH.png> <./figures/Method_B_all_latest_LTT/BM5h_mHH.png> <./figures/Method_B_all_latest_LTT/BM6h_mHH.png> <./figures/Method_B_all_latest_LTT/BM7h_mHH.png>]
<figures/Method_B_all_latest_LTT/BMgghh_m0p5h_mHH.png, id=237, 1601.985pt x 1055.945pt>
File: figures/Method_B_all_latest_LTT/BMgghh_m0p5h_mHH.png Graphic file (type png)
<use figures/Method_B_all_latest_LTT/BMgghh_m0p5h_mHH.png>
Package pdftex.def Info: figures/Method_B_all_latest_LTT/BMgghh_m0p5h_mHH.png  used on input line 110.
(pdftex.def)             Requested size: 109.537pt x 72.19968pt.
<figures/Method_B_all_latest_LTT/BMgghh_p0p5h_mHH.png, id=238, 1601.985pt x 1055.945pt>
File: figures/Method_B_all_latest_LTT/BMgghh_p0p5h_mHH.png Graphic file (type png)
<use figures/Method_B_all_latest_LTT/BMgghh_p0p5h_mHH.png>
Package pdftex.def Info: figures/Method_B_all_latest_LTT/BMgghh_p0p5h_mHH.png  used on input line 110.
(pdftex.def)             Requested size: 109.537pt x 72.19968pt.
<figures/Method_B_all_latest_LTT/BMgghh_p1h_mHH.png, id=239, 1601.985pt x 1055.945pt>
File: figures/Method_B_all_latest_LTT/BMgghh_p1h_mHH.png Graphic file (type png)
<use figures/Method_B_all_latest_LTT/BMgghh_p1h_mHH.png>
Package pdftex.def Info: figures/Method_B_all_latest_LTT/BMgghh_p1h_mHH.png  used on input line 110.
(pdftex.def)             Requested size: 109.537pt x 72.19968pt.
 [8

 <./figures/Method_B_all_latest_LTT/BMgghh_m0p5h_mHH.png> <./figures/Method_B_all_latest_LTT/BMgghh_p0p5h_mHH.png> <./figures/Method_B_all_latest_LTT/BMgghh_p1h_mHH.png>]
<figures/Method_B_all_latest_LTT/BMtthh_m0p5h_mHH.png, id=266, 1601.985pt x 1055.945pt>
File: figures/Method_B_all_latest_LTT/BMtthh_m0p5h_mHH.png Graphic file (type png)
<use figures/Method_B_all_latest_LTT/BMtthh_m0p5h_mHH.png>
Package pdftex.def Info: figures/Method_B_all_latest_LTT/BMtthh_m0p5h_mHH.png  used on input line 121.
(pdftex.def)             Requested size: 109.537pt x 72.19968pt.
<figures/Method_B_all_latest_LTT/BMtthh_p0p5h_mHH.png, id=267, 1601.985pt x 1055.945pt>
File: figures/Method_B_all_latest_LTT/BMtthh_p0p5h_mHH.png Graphic file (type png)
<use figures/Method_B_all_latest_LTT/BMtthh_p0p5h_mHH.png>
Package pdftex.def Info: figures/Method_B_all_latest_LTT/BMtthh_p0p5h_mHH.png  used on input line 121.
(pdftex.def)             Requested size: 109.537pt x 72.19968pt.
<figures/Method_B_all_latest_LTT/BMtthh_p1h_mHH.png, id=268, 1601.985pt x 1055.945pt>
File: figures/Method_B_all_latest_LTT/BMtthh_p1h_mHH.png Graphic file (type png)
<use figures/Method_B_all_latest_LTT/BMtthh_p1h_mHH.png>
Package pdftex.def Info: figures/Method_B_all_latest_LTT/BMtthh_p1h_mHH.png  used on input line 121.
(pdftex.def)             Requested size: 109.537pt x 72.19968pt.
 [9

 <./figures/Method_B_all_latest_LTT/BMtthh_m0p5h_mHH.png> <./figures/Method_B_all_latest_LTT/BMtthh_p0p5h_mHH.png> <./figures/Method_B_all_latest_LTT/BMtthh_p1h_mHH.png>] [10

] [11

]
<figures/Method_B_all_latest/BM1h_DRtautau.png, id=347, 1601.985pt x 1055.945pt>
File: figures/Method_B_all_latest/BM1h_DRtautau.png Graphic file (type png)
<use figures/Method_B_all_latest/BM1h_DRtautau.png>
Package pdftex.def Info: figures/Method_B_all_latest/BM1h_DRtautau.png  used on input line 171.
(pdftex.def)             Requested size: 109.537pt x 72.19968pt.
<figures/Method_B_all_latest/BM2h_DRtautau.png, id=348, 1601.985pt x 1055.945pt>
File: figures/Method_B_all_latest/BM2h_DRtautau.png Graphic file (type png)
<use figures/Method_B_all_latest/BM2h_DRtautau.png>
Package pdftex.def Info: figures/Method_B_all_latest/BM2h_DRtautau.png  used on input line 171.
(pdftex.def)             Requested size: 109.537pt x 72.19968pt.
<figures/Method_B_all_latest/BM3h_DRtautau.png, id=349, 1601.985pt x 1055.945pt>
File: figures/Method_B_all_latest/BM3h_DRtautau.png Graphic file (type png)
<use figures/Method_B_all_latest/BM3h_DRtautau.png>
Package pdftex.def Info: figures/Method_B_all_latest/BM3h_DRtautau.png  used on input line 171.
(pdftex.def)             Requested size: 109.537pt x 72.19968pt.
<figures/Method_B_all_latest/BM4h_DRtautau.png, id=350, 1601.985pt x 1055.945pt>
File: figures/Method_B_all_latest/BM4h_DRtautau.png Graphic file (type png)
<use figures/Method_B_all_latest/BM4h_DRtautau.png>
Package pdftex.def Info: figures/Method_B_all_latest/BM4h_DRtautau.png  used on input line 171.
(pdftex.def)             Requested size: 109.537pt x 72.19968pt.
<figures/Method_B_all_latest/BM5h_DRtautau.png, id=351, 1601.985pt x 1055.945pt>
File: figures/Method_B_all_latest/BM5h_DRtautau.png Graphic file (type png)
<use figures/Method_B_all_latest/BM5h_DRtautau.png>
Package pdftex.def Info: figures/Method_B_all_latest/BM5h_DRtautau.png  used on input line 171.
(pdftex.def)             Requested size: 109.537pt x 72.19968pt.
<figures/Method_B_all_latest/BM6h_DRtautau.png, id=352, 1601.985pt x 1055.945pt>
File: figures/Method_B_all_latest/BM6h_DRtautau.png Graphic file (type png)
<use figures/Method_B_all_latest/BM6h_DRtautau.png>
Package pdftex.def Info: figures/Method_B_all_latest/BM6h_DRtautau.png  used on input line 171.
(pdftex.def)             Requested size: 109.537pt x 72.19968pt.
<figures/Method_B_all_latest/BM7h_DRtautau.png, id=353, 1601.985pt x 1055.945pt>
File: figures/Method_B_all_latest/BM7h_DRtautau.png Graphic file (type png)
<use figures/Method_B_all_latest/BM7h_DRtautau.png>
Package pdftex.def Info: figures/Method_B_all_latest/BM7h_DRtautau.png  used on input line 171.
(pdftex.def)             Requested size: 109.537pt x 72.19968pt.
 [12

 <./figures/Method_B_all_latest/BM1h_DRtautau.png> <./figures/Method_B_all_latest/BM2h_DRtautau.png> <./figures/Method_B_all_latest/BM3h_DRtautau.png> <./figures/Method_B_all_latest/BM4h_DRtautau.png> <./figures/Method_B_all_latest/BM5h_DRtautau.png> <./figures/Method_B_all_latest/BM6h_DRtautau.png> <./figures/Method_B_all_latest/BM7h_DRtautau.png>]
<figures/Method_B_all_latest/BMgghh_m0p5h_DRtautau.png, id=380, 1601.985pt x 1055.945pt>
File: figures/Method_B_all_latest/BMgghh_m0p5h_DRtautau.png Graphic file (type png)
<use figures/Method_B_all_latest/BMgghh_m0p5h_DRtautau.png>
Package pdftex.def Info: figures/Method_B_all_latest/BMgghh_m0p5h_DRtautau.png  used on input line 184.
(pdftex.def)             Requested size: 109.537pt x 72.19968pt.
<figures/Method_B_all_latest/BMgghh_p0p5h_DRtautau.png, id=381, 1601.985pt x 1055.945pt>
File: figures/Method_B_all_latest/BMgghh_p0p5h_DRtautau.png Graphic file (type png)
<use figures/Method_B_all_latest/BMgghh_p0p5h_DRtautau.png>
Package pdftex.def Info: figures/Method_B_all_latest/BMgghh_p0p5h_DRtautau.png  used on input line 184.
(pdftex.def)             Requested size: 109.537pt x 72.19968pt.
<figures/Method_B_all_latest/BMgghh_p1h_DRtautau.png, id=382, 1601.985pt x 1055.945pt>
File: figures/Method_B_all_latest/BMgghh_p1h_DRtautau.png Graphic file (type png)
<use figures/Method_B_all_latest/BMgghh_p1h_DRtautau.png>
Package pdftex.def Info: figures/Method_B_all_latest/BMgghh_p1h_DRtautau.png  used on input line 184.
(pdftex.def)             Requested size: 109.537pt x 72.19968pt.
 [13

 <./figures/Method_B_all_latest/BMgghh_m0p5h_DRtautau.png> <./figures/Method_B_all_latest/BMgghh_p0p5h_DRtautau.png> <./figures/Method_B_all_latest/BMgghh_p1h_DRtautau.png>]
<figures/Method_B_all_latest/BMtthh_m0p5h_DRtautau.png, id=410, 1601.985pt x 1055.945pt>
File: figures/Method_B_all_latest/BMtthh_m0p5h_DRtautau.png Graphic file (type png)
<use figures/Method_B_all_latest/BMtthh_m0p5h_DRtautau.png>
Package pdftex.def Info: figures/Method_B_all_latest/BMtthh_m0p5h_DRtautau.png  used on input line 195.
(pdftex.def)             Requested size: 109.537pt x 72.19968pt.
<figures/Method_B_all_latest/BMtthh_p0p5h_DRtautau.png, id=411, 1601.985pt x 1055.945pt>
File: figures/Method_B_all_latest/BMtthh_p0p5h_DRtautau.png Graphic file (type png)
<use figures/Method_B_all_latest/BMtthh_p0p5h_DRtautau.png>
Package pdftex.def Info: figures/Method_B_all_latest/BMtthh_p0p5h_DRtautau.png  used on input line 195.
(pdftex.def)             Requested size: 109.537pt x 72.19968pt.
<figures/Method_B_all_latest/BMtthh_p1h_DRtautau.png, id=412, 1601.985pt x 1055.945pt>
File: figures/Method_B_all_latest/BMtthh_p1h_DRtautau.png Graphic file (type png)
<use figures/Method_B_all_latest/BMtthh_p1h_DRtautau.png>
Package pdftex.def Info: figures/Method_B_all_latest/BMtthh_p1h_DRtautau.png  used on input line 195.
(pdftex.def)             Requested size: 109.537pt x 72.19968pt.
 [14

 <./figures/Method_B_all_latest/BMtthh_m0p5h_DRtautau.png> <./figures/Method_B_all_latest/BMtthh_p0p5h_DRtautau.png> <./figures/Method_B_all_latest/BMtthh_p1h_DRtautau.png>]
<figures/Method_B_all_latest_LTT/BM1h_DRtautau.png, id=439, 1601.985pt x 1055.945pt>
File: figures/Method_B_all_latest_LTT/BM1h_DRtautau.png Graphic file (type png)
<use figures/Method_B_all_latest_LTT/BM1h_DRtautau.png>
Package pdftex.def Info: figures/Method_B_all_latest_LTT/BM1h_DRtautau.png  used on input line 211.
(pdftex.def)             Requested size: 109.537pt x 72.19968pt.
<figures/Method_B_all_latest_LTT/BM2h_DRtautau.png, id=440, 1601.985pt x 1055.945pt>
File: figures/Method_B_all_latest_LTT/BM2h_DRtautau.png Graphic file (type png)
<use figures/Method_B_all_latest_LTT/BM2h_DRtautau.png>
Package pdftex.def Info: figures/Method_B_all_latest_LTT/BM2h_DRtautau.png  used on input line 211.
(pdftex.def)             Requested size: 109.537pt x 72.19968pt.
<figures/Method_B_all_latest_LTT/BM3h_DRtautau.png, id=441, 1601.985pt x 1055.945pt>
File: figures/Method_B_all_latest_LTT/BM3h_DRtautau.png Graphic file (type png)
<use figures/Method_B_all_latest_LTT/BM3h_DRtautau.png>
Package pdftex.def Info: figures/Method_B_all_latest_LTT/BM3h_DRtautau.png  used on input line 211.
(pdftex.def)             Requested size: 109.537pt x 72.19968pt.
<figures/Method_B_all_latest_LTT/BM4h_DRtautau.png, id=442, 1601.985pt x 1055.945pt>
File: figures/Method_B_all_latest_LTT/BM4h_DRtautau.png Graphic file (type png)
<use figures/Method_B_all_latest_LTT/BM4h_DRtautau.png>
Package pdftex.def Info: figures/Method_B_all_latest_LTT/BM4h_DRtautau.png  used on input line 211.
(pdftex.def)             Requested size: 109.537pt x 72.19968pt.
<figures/Method_B_all_latest_LTT/BM5h_DRtautau.png, id=443, 1601.985pt x 1055.945pt>
File: figures/Method_B_all_latest_LTT/BM5h_DRtautau.png Graphic file (type png)
<use figures/Method_B_all_latest_LTT/BM5h_DRtautau.png>
Package pdftex.def Info: figures/Method_B_all_latest_LTT/BM5h_DRtautau.png  used on input line 211.
(pdftex.def)             Requested size: 109.537pt x 72.19968pt.
<figures/Method_B_all_latest_LTT/BM6h_DRtautau.png, id=444, 1601.985pt x 1055.945pt>
File: figures/Method_B_all_latest_LTT/BM6h_DRtautau.png Graphic file (type png)
<use figures/Method_B_all_latest_LTT/BM6h_DRtautau.png>
Package pdftex.def Info: figures/Method_B_all_latest_LTT/BM6h_DRtautau.png  used on input line 211.
(pdftex.def)             Requested size: 109.537pt x 72.19968pt.
<figures/Method_B_all_latest_LTT/BM7h_DRtautau.png, id=445, 1601.985pt x 1055.945pt>
File: figures/Method_B_all_latest_LTT/BM7h_DRtautau.png Graphic file (type png)
<use figures/Method_B_all_latest_LTT/BM7h_DRtautau.png>
Package pdftex.def Info: figures/Method_B_all_latest_LTT/BM7h_DRtautau.png  used on input line 211.
(pdftex.def)             Requested size: 109.537pt x 72.19968pt.
 [15

 <./figures/Method_B_all_latest_LTT/BM1h_DRtautau.png> <./figures/Method_B_all_latest_LTT/BM2h_DRtautau.png> <./figures/Method_B_all_latest_LTT/BM3h_DRtautau.png> <./figures/Method_B_all_latest_LTT/BM4h_DRtautau.png> <./figures/Method_B_all_latest_LTT/BM5h_DRtautau.png> <./figures/Method_B_all_latest_LTT/BM6h_DRtautau.png> <./figures/Method_B_all_latest_LTT/BM7h_DRtautau.png>]
<figures/Method_B_all_latest_LTT/BMgghh_m0p5h_DRtautau.png, id=472, 1601.985pt x 1055.945pt>
File: figures/Method_B_all_latest_LTT/BMgghh_m0p5h_DRtautau.png Graphic file (type png)
<use figures/Method_B_all_latest_LTT/BMgghh_m0p5h_DRtautau.png>
Package pdftex.def Info: figures/Method_B_all_latest_LTT/BMgghh_m0p5h_DRtautau.png  used on input line 225.
(pdftex.def)             Requested size: 109.537pt x 72.19968pt.
<figures/Method_B_all_latest_LTT/BMgghh_p0p5h_DRtautau.png, id=473, 1601.985pt x 1055.945pt>
File: figures/Method_B_all_latest_LTT/BMgghh_p0p5h_DRtautau.png Graphic file (type png)
<use figures/Method_B_all_latest_LTT/BMgghh_p0p5h_DRtautau.png>
Package pdftex.def Info: figures/Method_B_all_latest_LTT/BMgghh_p0p5h_DRtautau.png  used on input line 225.
(pdftex.def)             Requested size: 109.537pt x 72.19968pt.
<figures/Method_B_all_latest_LTT/BMgghh_p1h_DRtautau.png, id=474, 1601.985pt x 1055.945pt>
File: figures/Method_B_all_latest_LTT/BMgghh_p1h_DRtautau.png Graphic file (type png)
<use figures/Method_B_all_latest_LTT/BMgghh_p1h_DRtautau.png>
Package pdftex.def Info: figures/Method_B_all_latest_LTT/BMgghh_p1h_DRtautau.png  used on input line 225.
(pdftex.def)             Requested size: 109.537pt x 72.19968pt.
 [16

 <./figures/Method_B_all_latest_LTT/BMgghh_m0p5h_DRtautau.png> <./figures/Method_B_all_latest_LTT/BMgghh_p0p5h_DRtautau.png> <./figures/Method_B_all_latest_LTT/BMgghh_p1h_DRtautau.png>]
<figures/Method_B_all_latest_LTT/BMtthh_m0p5h_DRtautau.png, id=501, 1601.985pt x 1055.945pt>
File: figures/Method_B_all_latest_LTT/BMtthh_m0p5h_DRtautau.png Graphic file (type png)
<use figures/Method_B_all_latest_LTT/BMtthh_m0p5h_DRtautau.png>
Package pdftex.def Info: figures/Method_B_all_latest_LTT/BMtthh_m0p5h_DRtautau.png  used on input line 236.
(pdftex.def)             Requested size: 109.537pt x 72.19968pt.
<figures/Method_B_all_latest_LTT/BMtthh_p0p5h_DRtautau.png, id=502, 1601.985pt x 1055.945pt>
File: figures/Method_B_all_latest_LTT/BMtthh_p0p5h_DRtautau.png Graphic file (type png)
<use figures/Method_B_all_latest_LTT/BMtthh_p0p5h_DRtautau.png>
Package pdftex.def Info: figures/Method_B_all_latest_LTT/BMtthh_p0p5h_DRtautau.png  used on input line 236.
(pdftex.def)             Requested size: 109.537pt x 72.19968pt.
<figures/Method_B_all_latest_LTT/BMtthh_p1h_DRtautau.png, id=503, 1601.985pt x 1055.945pt>
File: figures/Method_B_all_latest_LTT/BMtthh_p1h_DRtautau.png Graphic file (type png)
<use figures/Method_B_all_latest_LTT/BMtthh_p1h_DRtautau.png>
Package pdftex.def Info: figures/Method_B_all_latest_LTT/BMtthh_p1h_DRtautau.png  used on input line 236.
(pdftex.def)             Requested size: 109.537pt x 72.19968pt.
 [17

 <./figures/Method_B_all_latest_LTT/BMtthh_m0p5h_DRtautau.png> <./figures/Method_B_all_latest_LTT/BMtthh_p0p5h_DRtautau.png> <./figures/Method_B_all_latest_LTT/BMtthh_p1h_DRtautau.png>]
<figures/Method_B_all_latest/BM1h_DRbb.png, id=530, 1601.985pt x 1055.945pt>
File: figures/Method_B_all_latest/BM1h_DRbb.png Graphic file (type png)
<use figures/Method_B_all_latest/BM1h_DRbb.png>
Package pdftex.def Info: figures/Method_B_all_latest/BM1h_DRbb.png  used on input line 251.
(pdftex.def)             Requested size: 109.537pt x 72.19968pt.
<figures/Method_B_all_latest/BM2h_DRbb.png, id=531, 1601.985pt x 1055.945pt>
File: figures/Method_B_all_latest/BM2h_DRbb.png Graphic file (type png)
<use figures/Method_B_all_latest/BM2h_DRbb.png>
Package pdftex.def Info: figures/Method_B_all_latest/BM2h_DRbb.png  used on input line 251.
(pdftex.def)             Requested size: 109.537pt x 72.19968pt.
<figures/Method_B_all_latest/BM3h_DRbb.png, id=532, 1601.985pt x 1055.945pt>
File: figures/Method_B_all_latest/BM3h_DRbb.png Graphic file (type png)
<use figures/Method_B_all_latest/BM3h_DRbb.png>
Package pdftex.def Info: figures/Method_B_all_latest/BM3h_DRbb.png  used on input line 251.
(pdftex.def)             Requested size: 109.537pt x 72.19968pt.
<figures/Method_B_all_latest/BM4h_DRbb.png, id=533, 1601.985pt x 1055.945pt>
File: figures/Method_B_all_latest/BM4h_DRbb.png Graphic file (type png)
<use figures/Method_B_all_latest/BM4h_DRbb.png>
Package pdftex.def Info: figures/Method_B_all_latest/BM4h_DRbb.png  used on input line 251.
(pdftex.def)             Requested size: 109.537pt x 72.19968pt.
<figures/Method_B_all_latest/BM5h_DRbb.png, id=534, 1601.985pt x 1055.945pt>
File: figures/Method_B_all_latest/BM5h_DRbb.png Graphic file (type png)
<use figures/Method_B_all_latest/BM5h_DRbb.png>
Package pdftex.def Info: figures/Method_B_all_latest/BM5h_DRbb.png  used on input line 251.
(pdftex.def)             Requested size: 109.537pt x 72.19968pt.
<figures/Method_B_all_latest/BM6h_DRbb.png, id=535, 1601.985pt x 1055.945pt>
File: figures/Method_B_all_latest/BM6h_DRbb.png Graphic file (type png)
<use figures/Method_B_all_latest/BM6h_DRbb.png>
Package pdftex.def Info: figures/Method_B_all_latest/BM6h_DRbb.png  used on input line 251.
(pdftex.def)             Requested size: 109.537pt x 72.19968pt.
<figures/Method_B_all_latest/BM7h_DRbb.png, id=536, 1601.985pt x 1055.945pt>
File: figures/Method_B_all_latest/BM7h_DRbb.png Graphic file (type png)
<use figures/Method_B_all_latest/BM7h_DRbb.png>
Package pdftex.def Info: figures/Method_B_all_latest/BM7h_DRbb.png  used on input line 251.
(pdftex.def)             Requested size: 109.537pt x 72.19968pt.
 [18

 <./figures/Method_B_all_latest/BM1h_DRbb.png> <./figures/Method_B_all_latest/BM2h_DRbb.png> <./figures/Method_B_all_latest/BM3h_DRbb.png> <./figures/Method_B_all_latest/BM4h_DRbb.png> <./figures/Method_B_all_latest/BM5h_DRbb.png> <./figures/Method_B_all_latest/BM6h_DRbb.png> <./figures/Method_B_all_latest/BM7h_DRbb.png>]
<figures/Method_B_all_latest/BMgghh_m0p5h_DRbb.png, id=563, 1601.985pt x 1055.945pt>
File: figures/Method_B_all_latest/BMgghh_m0p5h_DRbb.png Graphic file (type png)
<use figures/Method_B_all_latest/BMgghh_m0p5h_DRbb.png>
Package pdftex.def Info: figures/Method_B_all_latest/BMgghh_m0p5h_DRbb.png  used on input line 264.
(pdftex.def)             Requested size: 109.537pt x 72.19968pt.
<figures/Method_B_all_latest/BMgghh_p0p5h_DRbb.png, id=564, 1601.985pt x 1055.945pt>
File: figures/Method_B_all_latest/BMgghh_p0p5h_DRbb.png Graphic file (type png)
<use figures/Method_B_all_latest/BMgghh_p0p5h_DRbb.png>
Package pdftex.def Info: figures/Method_B_all_latest/BMgghh_p0p5h_DRbb.png  used on input line 264.
(pdftex.def)             Requested size: 109.537pt x 72.19968pt.
<figures/Method_B_all_latest/BMgghh_p1h_DRbb.png, id=565, 1601.985pt x 1055.945pt>
File: figures/Method_B_all_latest/BMgghh_p1h_DRbb.png Graphic file (type png)
<use figures/Method_B_all_latest/BMgghh_p1h_DRbb.png>
Package pdftex.def Info: figures/Method_B_all_latest/BMgghh_p1h_DRbb.png  used on input line 264.
(pdftex.def)             Requested size: 109.537pt x 72.19968pt.
 [19

 <./figures/Method_B_all_latest/BMgghh_m0p5h_DRbb.png> <./figures/Method_B_all_latest/BMgghh_p0p5h_DRbb.png> <./figures/Method_B_all_latest/BMgghh_p1h_DRbb.png>]
<figures/Method_B_all_latest/BMtthh_m0p5h_DRbb.png, id=593, 1601.985pt x 1055.945pt>
File: figures/Method_B_all_latest/BMtthh_m0p5h_DRbb.png Graphic file (type png)
<use figures/Method_B_all_latest/BMtthh_m0p5h_DRbb.png>
Package pdftex.def Info: figures/Method_B_all_latest/BMtthh_m0p5h_DRbb.png  used on input line 275.
(pdftex.def)             Requested size: 109.537pt x 72.19968pt.
<figures/Method_B_all_latest/BMtthh_p0p5h_DRbb.png, id=594, 1601.985pt x 1055.945pt>
File: figures/Method_B_all_latest/BMtthh_p0p5h_DRbb.png Graphic file (type png)
<use figures/Method_B_all_latest/BMtthh_p0p5h_DRbb.png>
Package pdftex.def Info: figures/Method_B_all_latest/BMtthh_p0p5h_DRbb.png  used on input line 275.
(pdftex.def)             Requested size: 109.537pt x 72.19968pt.
<figures/Method_B_all_latest/BMtthh_p1h_DRbb.png, id=595, 1601.985pt x 1055.945pt>
File: figures/Method_B_all_latest/BMtthh_p1h_DRbb.png Graphic file (type png)
<use figures/Method_B_all_latest/BMtthh_p1h_DRbb.png>
Package pdftex.def Info: figures/Method_B_all_latest/BMtthh_p1h_DRbb.png  used on input line 275.
(pdftex.def)             Requested size: 109.537pt x 72.19968pt.
 [20

 <./figures/Method_B_all_latest/BMtthh_m0p5h_DRbb.png> <./figures/Method_B_all_latest/BMtthh_p0p5h_DRbb.png> <./figures/Method_B_all_latest/BMtthh_p1h_DRbb.png>]
<figures/Method_B_all_latest_LTT/BM1h_DRbb.png, id=622, 1601.985pt x 1055.945pt>
File: figures/Method_B_all_latest_LTT/BM1h_DRbb.png Graphic file (type png)
<use figures/Method_B_all_latest_LTT/BM1h_DRbb.png>
Package pdftex.def Info: figures/Method_B_all_latest_LTT/BM1h_DRbb.png  used on input line 291.
(pdftex.def)             Requested size: 109.537pt x 72.19968pt.
<figures/Method_B_all_latest_LTT/BM2h_DRbb.png, id=623, 1601.985pt x 1055.945pt>
File: figures/Method_B_all_latest_LTT/BM2h_DRbb.png Graphic file (type png)
<use figures/Method_B_all_latest_LTT/BM2h_DRbb.png>
Package pdftex.def Info: figures/Method_B_all_latest_LTT/BM2h_DRbb.png  used on input line 291.
(pdftex.def)             Requested size: 109.537pt x 72.19968pt.
<figures/Method_B_all_latest_LTT/BM3h_DRbb.png, id=624, 1601.985pt x 1055.945pt>
File: figures/Method_B_all_latest_LTT/BM3h_DRbb.png Graphic file (type png)
<use figures/Method_B_all_latest_LTT/BM3h_DRbb.png>
Package pdftex.def Info: figures/Method_B_all_latest_LTT/BM3h_DRbb.png  used on input line 291.
(pdftex.def)             Requested size: 109.537pt x 72.19968pt.
<figures/Method_B_all_latest_LTT/BM4h_DRbb.png, id=625, 1601.985pt x 1055.945pt>
File: figures/Method_B_all_latest_LTT/BM4h_DRbb.png Graphic file (type png)
<use figures/Method_B_all_latest_LTT/BM4h_DRbb.png>
Package pdftex.def Info: figures/Method_B_all_latest_LTT/BM4h_DRbb.png  used on input line 291.
(pdftex.def)             Requested size: 109.537pt x 72.19968pt.
<figures/Method_B_all_latest_LTT/BM5h_DRbb.png, id=626, 1601.985pt x 1055.945pt>
File: figures/Method_B_all_latest_LTT/BM5h_DRbb.png Graphic file (type png)
<use figures/Method_B_all_latest_LTT/BM5h_DRbb.png>
Package pdftex.def Info: figures/Method_B_all_latest_LTT/BM5h_DRbb.png  used on input line 291.
(pdftex.def)             Requested size: 109.537pt x 72.19968pt.
<figures/Method_B_all_latest_LTT/BM6h_DRbb.png, id=627, 1601.985pt x 1055.945pt>
File: figures/Method_B_all_latest_LTT/BM6h_DRbb.png Graphic file (type png)
<use figures/Method_B_all_latest_LTT/BM6h_DRbb.png>
Package pdftex.def Info: figures/Method_B_all_latest_LTT/BM6h_DRbb.png  used on input line 291.
(pdftex.def)             Requested size: 109.537pt x 72.19968pt.
<figures/Method_B_all_latest_LTT/BM7h_DRbb.png, id=628, 1601.985pt x 1055.945pt>
File: figures/Method_B_all_latest_LTT/BM7h_DRbb.png Graphic file (type png)
<use figures/Method_B_all_latest_LTT/BM7h_DRbb.png>
Package pdftex.def Info: figures/Method_B_all_latest_LTT/BM7h_DRbb.png  used on input line 291.
(pdftex.def)             Requested size: 109.537pt x 72.19968pt.
 [21

 <./figures/Method_B_all_latest_LTT/BM1h_DRbb.png> <./figures/Method_B_all_latest_LTT/BM2h_DRbb.png> <./figures/Method_B_all_latest_LTT/BM3h_DRbb.png> <./figures/Method_B_all_latest_LTT/BM4h_DRbb.png> <./figures/Method_B_all_latest_LTT/BM5h_DRbb.png> <./figures/Method_B_all_latest_LTT/BM6h_DRbb.png> <./figures/Method_B_all_latest_LTT/BM7h_DRbb.png>]
<figures/Method_B_all_latest_LTT/BMgghh_m0p5h_DRbb.png, id=655, 1601.985pt x 1055.945pt>
File: figures/Method_B_all_latest_LTT/BMgghh_m0p5h_DRbb.png Graphic file (type png)
<use figures/Method_B_all_latest_LTT/BMgghh_m0p5h_DRbb.png>
Package pdftex.def Info: figures/Method_B_all_latest_LTT/BMgghh_m0p5h_DRbb.png  used on input line 305.
(pdftex.def)             Requested size: 109.537pt x 72.19968pt.
<figures/Method_B_all_latest_LTT/BMgghh_p0p5h_DRbb.png, id=656, 1601.985pt x 1055.945pt>
File: figures/Method_B_all_latest_LTT/BMgghh_p0p5h_DRbb.png Graphic file (type png)
<use figures/Method_B_all_latest_LTT/BMgghh_p0p5h_DRbb.png>
Package pdftex.def Info: figures/Method_B_all_latest_LTT/BMgghh_p0p5h_DRbb.png  used on input line 305.
(pdftex.def)             Requested size: 109.537pt x 72.19968pt.
<figures/Method_B_all_latest_LTT/BMgghh_p1h_DRbb.png, id=657, 1601.985pt x 1055.945pt>
File: figures/Method_B_all_latest_LTT/BMgghh_p1h_DRbb.png Graphic file (type png)
<use figures/Method_B_all_latest_LTT/BMgghh_p1h_DRbb.png>
Package pdftex.def Info: figures/Method_B_all_latest_LTT/BMgghh_p1h_DRbb.png  used on input line 305.
(pdftex.def)             Requested size: 109.537pt x 72.19968pt.
 [22

 <./figures/Method_B_all_latest_LTT/BMgghh_m0p5h_DRbb.png> <./figures/Method_B_all_latest_LTT/BMgghh_p0p5h_DRbb.png> <./figures/Method_B_all_latest_LTT/BMgghh_p1h_DRbb.png>]
<figures/Method_B_all_latest_LTT/BMtthh_m0p5h_DRbb.png, id=684, 1601.985pt x 1055.945pt>
File: figures/Method_B_all_latest_LTT/BMtthh_m0p5h_DRbb.png Graphic file (type png)
<use figures/Method_B_all_latest_LTT/BMtthh_m0p5h_DRbb.png>
Package pdftex.def Info: figures/Method_B_all_latest_LTT/BMtthh_m0p5h_DRbb.png  used on input line 316.
(pdftex.def)             Requested size: 109.537pt x 72.19968pt.
<figures/Method_B_all_latest_LTT/BMtthh_p0p5h_DRbb.png, id=685, 1601.985pt x 1055.945pt>
File: figures/Method_B_all_latest_LTT/BMtthh_p0p5h_DRbb.png Graphic file (type png)
<use figures/Method_B_all_latest_LTT/BMtthh_p0p5h_DRbb.png>
Package pdftex.def Info: figures/Method_B_all_latest_LTT/BMtthh_p0p5h_DRbb.png  used on input line 316.
(pdftex.def)             Requested size: 109.537pt x 72.19968pt.
<figures/Method_B_all_latest_LTT/BMtthh_p1h_DRbb.png, id=686, 1601.985pt x 1055.945pt>
File: figures/Method_B_all_latest_LTT/BMtthh_p1h_DRbb.png Graphic file (type png)
<use figures/Method_B_all_latest_LTT/BMtthh_p1h_DRbb.png>
Package pdftex.def Info: figures/Method_B_all_latest_LTT/BMtthh_p1h_DRbb.png  used on input line 316.
(pdftex.def)             Requested size: 109.537pt x 72.19968pt.
 [23

 <./figures/Method_B_all_latest_LTT/BMtthh_m0p5h_DRbb.png> <./figures/Method_B_all_latest_LTT/BMtthh_p0p5h_DRbb.png> <./figures/Method_B_all_latest_LTT/BMtthh_p1h_DRbb.png>]
<figures/Method_B_all_latest/BM1h_mbb.png, id=713, 1601.985pt x 1055.945pt>
File: figures/Method_B_all_latest/BM1h_mbb.png Graphic file (type png)
<use figures/Method_B_all_latest/BM1h_mbb.png>
Package pdftex.def Info: figures/Method_B_all_latest/BM1h_mbb.png  used on input line 331.
(pdftex.def)             Requested size: 109.537pt x 72.19968pt.
<figures/Method_B_all_latest/BM2h_mbb.png, id=714, 1601.985pt x 1055.945pt>
File: figures/Method_B_all_latest/BM2h_mbb.png Graphic file (type png)
<use figures/Method_B_all_latest/BM2h_mbb.png>
Package pdftex.def Info: figures/Method_B_all_latest/BM2h_mbb.png  used on input line 331.
(pdftex.def)             Requested size: 109.537pt x 72.19968pt.
<figures/Method_B_all_latest/BM3h_mbb.png, id=715, 1601.985pt x 1055.945pt>
File: figures/Method_B_all_latest/BM3h_mbb.png Graphic file (type png)
<use figures/Method_B_all_latest/BM3h_mbb.png>
Package pdftex.def Info: figures/Method_B_all_latest/BM3h_mbb.png  used on input line 331.
(pdftex.def)             Requested size: 109.537pt x 72.19968pt.
<figures/Method_B_all_latest/BM4h_mbb.png, id=716, 1601.985pt x 1055.945pt>
File: figures/Method_B_all_latest/BM4h_mbb.png Graphic file (type png)
<use figures/Method_B_all_latest/BM4h_mbb.png>
Package pdftex.def Info: figures/Method_B_all_latest/BM4h_mbb.png  used on input line 331.
(pdftex.def)             Requested size: 109.537pt x 72.19968pt.
<figures/Method_B_all_latest/BM5h_mbb.png, id=717, 1601.985pt x 1055.945pt>
File: figures/Method_B_all_latest/BM5h_mbb.png Graphic file (type png)
<use figures/Method_B_all_latest/BM5h_mbb.png>
Package pdftex.def Info: figures/Method_B_all_latest/BM5h_mbb.png  used on input line 331.
(pdftex.def)             Requested size: 109.537pt x 72.19968pt.
<figures/Method_B_all_latest/BM6h_mbb.png, id=718, 1601.985pt x 1055.945pt>
File: figures/Method_B_all_latest/BM6h_mbb.png Graphic file (type png)
<use figures/Method_B_all_latest/BM6h_mbb.png>
Package pdftex.def Info: figures/Method_B_all_latest/BM6h_mbb.png  used on input line 331.
(pdftex.def)             Requested size: 109.537pt x 72.19968pt.
<figures/Method_B_all_latest/BM7h_mbb.png, id=719, 1601.985pt x 1055.945pt>
File: figures/Method_B_all_latest/BM7h_mbb.png Graphic file (type png)
<use figures/Method_B_all_latest/BM7h_mbb.png>
Package pdftex.def Info: figures/Method_B_all_latest/BM7h_mbb.png  used on input line 331.
(pdftex.def)             Requested size: 109.537pt x 72.19968pt.
 [24

 <./figures/Method_B_all_latest/BM1h_mbb.png> <./figures/Method_B_all_latest/BM2h_mbb.png> <./figures/Method_B_all_latest/BM3h_mbb.png> <./figures/Method_B_all_latest/BM4h_mbb.png> <./figures/Method_B_all_latest/BM5h_mbb.png> <./figures/Method_B_all_latest/BM6h_mbb.png> <./figures/Method_B_all_latest/BM7h_mbb.png>]
<figures/Method_B_all_latest/BMgghh_m0p5h_mbb.png, id=746, 1601.985pt x 1055.945pt>
File: figures/Method_B_all_latest/BMgghh_m0p5h_mbb.png Graphic file (type png)
<use figures/Method_B_all_latest/BMgghh_m0p5h_mbb.png>
Package pdftex.def Info: figures/Method_B_all_latest/BMgghh_m0p5h_mbb.png  used on input line 344.
(pdftex.def)             Requested size: 109.537pt x 72.19968pt.
<figures/Method_B_all_latest/BMgghh_p0p5h_mbb.png, id=747, 1601.985pt x 1055.945pt>
File: figures/Method_B_all_latest/BMgghh_p0p5h_mbb.png Graphic file (type png)
<use figures/Method_B_all_latest/BMgghh_p0p5h_mbb.png>
Package pdftex.def Info: figures/Method_B_all_latest/BMgghh_p0p5h_mbb.png  used on input line 344.
(pdftex.def)             Requested size: 109.537pt x 72.19968pt.
<figures/Method_B_all_latest/BMgghh_p1h_mbb.png, id=748, 1601.985pt x 1055.945pt>
File: figures/Method_B_all_latest/BMgghh_p1h_mbb.png Graphic file (type png)
<use figures/Method_B_all_latest/BMgghh_p1h_mbb.png>
Package pdftex.def Info: figures/Method_B_all_latest/BMgghh_p1h_mbb.png  used on input line 344.
(pdftex.def)             Requested size: 109.537pt x 72.19968pt.
 [25

 <./figures/Method_B_all_latest/BMgghh_m0p5h_mbb.png> <./figures/Method_B_all_latest/BMgghh_p0p5h_mbb.png> <./figures/Method_B_all_latest/BMgghh_p1h_mbb.png>]
<figures/Method_B_all_latest/BMtthh_m0p5h_mbb.png, id=776, 1601.985pt x 1055.945pt>
File: figures/Method_B_all_latest/BMtthh_m0p5h_mbb.png Graphic file (type png)
<use figures/Method_B_all_latest/BMtthh_m0p5h_mbb.png>
Package pdftex.def Info: figures/Method_B_all_latest/BMtthh_m0p5h_mbb.png  used on input line 355.
(pdftex.def)             Requested size: 109.537pt x 72.19968pt.
<figures/Method_B_all_latest/BMtthh_p0p5h_mbb.png, id=777, 1601.985pt x 1055.945pt>
File: figures/Method_B_all_latest/BMtthh_p0p5h_mbb.png Graphic file (type png)
<use figures/Method_B_all_latest/BMtthh_p0p5h_mbb.png>
Package pdftex.def Info: figures/Method_B_all_latest/BMtthh_p0p5h_mbb.png  used on input line 355.
(pdftex.def)             Requested size: 109.537pt x 72.19968pt.
<figures/Method_B_all_latest/BMtthh_p1h_mbb.png, id=778, 1601.985pt x 1055.945pt>
File: figures/Method_B_all_latest/BMtthh_p1h_mbb.png Graphic file (type png)
<use figures/Method_B_all_latest/BMtthh_p1h_mbb.png>
Package pdftex.def Info: figures/Method_B_all_latest/BMtthh_p1h_mbb.png  used on input line 355.
(pdftex.def)             Requested size: 109.537pt x 72.19968pt.
 [26

 <./figures/Method_B_all_latest/BMtthh_m0p5h_mbb.png> <./figures/Method_B_all_latest/BMtthh_p0p5h_mbb.png> <./figures/Method_B_all_latest/BMtthh_p1h_mbb.png>]
<figures/Method_B_all_latest_LTT/BM1h_mbb.png, id=805, 1601.985pt x 1055.945pt>
File: figures/Method_B_all_latest_LTT/BM1h_mbb.png Graphic file (type png)
<use figures/Method_B_all_latest_LTT/BM1h_mbb.png>
Package pdftex.def Info: figures/Method_B_all_latest_LTT/BM1h_mbb.png  used on input line 371.
(pdftex.def)             Requested size: 109.537pt x 72.19968pt.
<figures/Method_B_all_latest_LTT/BM2h_mbb.png, id=806, 1601.985pt x 1055.945pt>
File: figures/Method_B_all_latest_LTT/BM2h_mbb.png Graphic file (type png)
<use figures/Method_B_all_latest_LTT/BM2h_mbb.png>
Package pdftex.def Info: figures/Method_B_all_latest_LTT/BM2h_mbb.png  used on input line 371.
(pdftex.def)             Requested size: 109.537pt x 72.19968pt.
<figures/Method_B_all_latest_LTT/BM3h_mbb.png, id=807, 1601.985pt x 1055.945pt>
File: figures/Method_B_all_latest_LTT/BM3h_mbb.png Graphic file (type png)
<use figures/Method_B_all_latest_LTT/BM3h_mbb.png>
Package pdftex.def Info: figures/Method_B_all_latest_LTT/BM3h_mbb.png  used on input line 371.
(pdftex.def)             Requested size: 109.537pt x 72.19968pt.
<figures/Method_B_all_latest_LTT/BM4h_mbb.png, id=808, 1601.985pt x 1055.945pt>
File: figures/Method_B_all_latest_LTT/BM4h_mbb.png Graphic file (type png)
<use figures/Method_B_all_latest_LTT/BM4h_mbb.png>
Package pdftex.def Info: figures/Method_B_all_latest_LTT/BM4h_mbb.png  used on input line 371.
(pdftex.def)             Requested size: 109.537pt x 72.19968pt.
<figures/Method_B_all_latest_LTT/BM5h_mbb.png, id=809, 1601.985pt x 1055.945pt>
File: figures/Method_B_all_latest_LTT/BM5h_mbb.png Graphic file (type png)
<use figures/Method_B_all_latest_LTT/BM5h_mbb.png>
Package pdftex.def Info: figures/Method_B_all_latest_LTT/BM5h_mbb.png  used on input line 371.
(pdftex.def)             Requested size: 109.537pt x 72.19968pt.
<figures/Method_B_all_latest_LTT/BM6h_mbb.png, id=810, 1601.985pt x 1055.945pt>
File: figures/Method_B_all_latest_LTT/BM6h_mbb.png Graphic file (type png)
<use figures/Method_B_all_latest_LTT/BM6h_mbb.png>
Package pdftex.def Info: figures/Method_B_all_latest_LTT/BM6h_mbb.png  used on input line 371.
(pdftex.def)             Requested size: 109.537pt x 72.19968pt.
<figures/Method_B_all_latest_LTT/BM7h_mbb.png, id=811, 1601.985pt x 1055.945pt>
File: figures/Method_B_all_latest_LTT/BM7h_mbb.png Graphic file (type png)
<use figures/Method_B_all_latest_LTT/BM7h_mbb.png>
Package pdftex.def Info: figures/Method_B_all_latest_LTT/BM7h_mbb.png  used on input line 371.
(pdftex.def)             Requested size: 109.537pt x 72.19968pt.
 [27

 <./figures/Method_B_all_latest_LTT/BM1h_mbb.png> <./figures/Method_B_all_latest_LTT/BM2h_mbb.png> <./figures/Method_B_all_latest_LTT/BM3h_mbb.png> <./figures/Method_B_all_latest_LTT/BM4h_mbb.png> <./figures/Method_B_all_latest_LTT/BM5h_mbb.png> <./figures/Method_B_all_latest_LTT/BM6h_mbb.png> <./figures/Method_B_all_latest_LTT/BM7h_mbb.png>]
<figures/Method_B_all_latest_LTT/BMgghh_m0p5h_mbb.png, id=838, 1601.985pt x 1055.945pt>
File: figures/Method_B_all_latest_LTT/BMgghh_m0p5h_mbb.png Graphic file (type png)
<use figures/Method_B_all_latest_LTT/BMgghh_m0p5h_mbb.png>
Package pdftex.def Info: figures/Method_B_all_latest_LTT/BMgghh_m0p5h_mbb.png  used on input line 385.
(pdftex.def)             Requested size: 109.537pt x 72.19968pt.
<figures/Method_B_all_latest_LTT/BMgghh_p0p5h_mbb.png, id=839, 1601.985pt x 1055.945pt>
File: figures/Method_B_all_latest_LTT/BMgghh_p0p5h_mbb.png Graphic file (type png)
<use figures/Method_B_all_latest_LTT/BMgghh_p0p5h_mbb.png>
Package pdftex.def Info: figures/Method_B_all_latest_LTT/BMgghh_p0p5h_mbb.png  used on input line 385.
(pdftex.def)             Requested size: 109.537pt x 72.19968pt.
<figures/Method_B_all_latest_LTT/BMgghh_p1h_mbb.png, id=840, 1601.985pt x 1055.945pt>
File: figures/Method_B_all_latest_LTT/BMgghh_p1h_mbb.png Graphic file (type png)
<use figures/Method_B_all_latest_LTT/BMgghh_p1h_mbb.png>
Package pdftex.def Info: figures/Method_B_all_latest_LTT/BMgghh_p1h_mbb.png  used on input line 385.
(pdftex.def)             Requested size: 109.537pt x 72.19968pt.
 [28

 <./figures/Method_B_all_latest_LTT/BMgghh_m0p5h_mbb.png> <./figures/Method_B_all_latest_LTT/BMgghh_p0p5h_mbb.png> <./figures/Method_B_all_latest_LTT/BMgghh_p1h_mbb.png>]
<figures/Method_B_all_latest_LTT/BMtthh_m0p5h_mbb.png, id=866, 1601.985pt x 1055.945pt>
File: figures/Method_B_all_latest_LTT/BMtthh_m0p5h_mbb.png Graphic file (type png)
<use figures/Method_B_all_latest_LTT/BMtthh_m0p5h_mbb.png>
Package pdftex.def Info: figures/Method_B_all_latest_LTT/BMtthh_m0p5h_mbb.png  used on input line 396.
(pdftex.def)             Requested size: 109.537pt x 72.19968pt.
<figures/Method_B_all_latest_LTT/BMtthh_p0p5h_mbb.png, id=867, 1601.985pt x 1055.945pt>
File: figures/Method_B_all_latest_LTT/BMtthh_p0p5h_mbb.png Graphic file (type png)
<use figures/Method_B_all_latest_LTT/BMtthh_p0p5h_mbb.png>
Package pdftex.def Info: figures/Method_B_all_latest_LTT/BMtthh_p0p5h_mbb.png  used on input line 396.
(pdftex.def)             Requested size: 109.537pt x 72.19968pt.
<figures/Method_B_all_latest_LTT/BMtthh_p1h_mbb.png, id=868, 1601.985pt x 1055.945pt>
File: figures/Method_B_all_latest_LTT/BMtthh_p1h_mbb.png Graphic file (type png)
<use figures/Method_B_all_latest_LTT/BMtthh_p1h_mbb.png>
Package pdftex.def Info: figures/Method_B_all_latest_LTT/BMtthh_p1h_mbb.png  used on input line 396.
(pdftex.def)             Requested size: 109.537pt x 72.19968pt.
 [29

 <./figures/Method_B_all_latest_LTT/BMtthh_m0p5h_mbb.png> <./figures/Method_B_all_latest_LTT/BMtthh_p0p5h_mbb.png> <./figures/Method_B_all_latest_LTT/BMtthh_p1h_mbb.png>]
\tf@nav=\write6
\openout6 = `test.nav'.

\tf@toc=\write7
\openout7 = `test.toc'.

\tf@snm=\write8
\openout8 = `test.snm'.

 (test.aux)
Package rerunfilecheck Info: File `test.out' has not changed.
(rerunfilecheck)             Checksum: D41D8CD98F00B204E9800998ECF8427E;0.
 ) 
Here is how much of TeX's memory you used:
 21685 strings out of 478927
 430782 string characters out of 2852534
 682582 words of memory out of 3000000
 38964 multiletter control sequences out of 15000+600000
 418774 words of font info for 82 fonts, out of 8000000 for 9000
 1141 hyphenation exceptions out of 8191
 128i,15n,124p,486b,585s stack positions out of 5000i,500n,10000p,200000b,80000s
<C:/Users/lizhi/AppData/Local/Programs/MiKTeX/fonts/type1/public/amsfonts/cm/cmmi10.pfb><C:/Users/lizhi/AppData/Local/Programs/MiKTeX/fonts/type1/public/amsfonts/cm/cmmi6.pfb><C:/Users/lizhi/AppData/Local/Programs/MiKTeX/fonts/type1/public/amsfonts/cm/cmmi9.pfb><C:/Users/lizhi/AppData/Local/Programs/MiKTeX/fonts/type1/public/amsfonts/cm/cmr6.pfb><C:/Users/lizhi/AppData/Local/Programs/MiKTeX/fonts/type1/public/amsfonts/cm/cmr7.pfb><C:/Users/lizhi/AppData/Local/Programs/MiKTeX/fonts/type1/public/amsfonts/cm/cmss10.pfb><C:/Users/lizhi/AppData/Local/Programs/MiKTeX/fonts/type1/public/amsfonts/cm/cmss12.pfb><C:/Users/lizhi/AppData/Local/Programs/MiKTeX/fonts/type1/public/amsfonts/cm/cmss8.pfb><C:/Users/lizhi/AppData/Local/Programs/MiKTeX/fonts/type1/public/amsfonts/cm/cmss9.pfb><C:/Users/lizhi/AppData/Local/Programs/MiKTeX/fonts/type1/public/amsfonts/cm/cmssi10.pfb><C:/Users/lizhi/AppData/Local/Programs/MiKTeX/fonts/type1/public/amsfonts/cm/cmssi12.pfb><C:/Users/lizhi/AppData/Local/Programs/MiKTeX/fonts/type1/public/amsfonts/cm/cmssi8.pfb><C:/Users/lizhi/AppData/Local/Programs/MiKTeX/fonts/type1/public/amsfonts/cm/cmssi9.pfb><C:/Users/lizhi/AppData/Local/Programs/MiKTeX/fonts/type1/public/amsfonts/cm/cmsy10.pfb><C:/Users/lizhi/AppData/Local/Programs/MiKTeX/fonts/type1/public/amsfonts/cm/cmsy9.pfb><C:/Users/lizhi/AppData/Local/Programs/MiKTeX/fonts/type1/public/amsfonts/symbols/msam7.pfb>
Output written on test.pdf (29 pages, 3905060 bytes).
PDF statistics:
 974 PDF objects out of 1000 (max. 8388607)
 59 named destinations out of 1000 (max. 500000)
 569 words of extra memory for PDF output out of 10000 (max. 10000000)

